#
# A fatal error has been detected by the Java Runtime Environment:
#
#  EXCEPTION_ACCESS_VIOLATION (0xc0000005) at pc=0x000002c7a29b094f, pid=15204, tid=15440
#
# JRE version: OpenJDK Runtime Environment (25.0.1+8) (build 25.0.1+8-27)
# Java VM: OpenJDK 64-Bit Server VM (25.0.1+8-27, mixed mode, emulated-client, sharing, tiered, compressed oops, compressed class ptrs, g1 gc, windows-amd64)
# Problematic frame:
# v  ~MethodHandlesAdapterBlob 0x000002c7a29b094f
#
# No core dump will be written. Minidumps are not enabled by default on client versions of Windows
#
# If you would like to submit a bug report, please visit:
#   https://bugreport.java.com/bugreport/crash.jsp
#

---------------  S U M M A R Y ------------

Command Line: -agentlib:jdwp=transport=dt_socket,address=127.0.0.1:55599,suspend=y,server=n -javaagent:C:\Users\HP\AppData\Local\JetBrains\IntelliJIdea2025.3\captureAgent\debugger-agent.jar=file:///C:/Users/HP/AppData/Local/Temp/capture14101347039010489682.props -agentpath:C:\Users\HP\AppData\Local\Temp\idea_libasyncProfiler_dll_temp_folder1\libasyncProfiler.dll=version,jfr,event=wall,interval=10ms,cstack=no,file=C:\Users\HP\IdeaSnapshots\MaisonNoirApplication_2026_01_31_190425.jfr,dbghelppath=C:\Users\HP\AppData\Local\Temp\idea_dbghelp_dll_temp_folder\dbghelp.dll,log=C:\Users\HP\AppData\Local\Temp\MaisonNoirApplication_2026_01_31_190425.jfr.log.txt,logLevel=DEBUG -XX:TieredStopAtLevel=1 -Dspring.output.ansi.enabled=always -Dcom.sun.management.jmxremote -Dspring.jmx.enabled=true -Dspring.liveBeansView.mbeanDomain -Dspring.application.admin.enabled=true -Dmanagement.endpoints.jmx.exposure.include=* -Dkotlinx.coroutines.debug.enable.creation.stack.trace=false -Ddebugger.agent.enable.coroutines=true -Dkotlinx.coroutines.debug.enable.flows.stack.trace=true -Dkotlinx.coroutines.debug.enable.mutable.state.flows.stack.trace=true -Ddebugger.async.stack.trace.for.all.threads=true -Dfile.encoding=UTF-8 -Dsun.stdout.encoding=UTF-8 -Dsun.stderr.encoding=UTF-8 in.maisonnoir.backend.MaisonNoirApplication

Host: 11th Gen Intel(R) Core(TM) i5-1135G7 @ 2.40GHz, 8 cores, 7G,  Windows 11 , 64 bit Build 26100 (10.0.26100.7623)
Time: Sat Jan 31 19:08:26 2026 India Standard Time elapsed time: 240.902555 seconds (0d 0h 4m 0s)

---------------  T H R E A D  ---------------

Current thread (0x000002c7ba2f1b70):  JavaThread "http-nio-8080-exec-2" daemon [_thread_in_Java, id=15440, stack(0x000000f017300000,0x000000f017400000) (1024K)]

Stack: [0x000000f017300000,0x000000f017400000],  sp=0x000000f0173fbad8,  free space=1006k
Native frames: (J=compiled Java code, j=interpreted, Vv=VM code, C=native code)
C  0x000002c7a29b094f  (no source info available)

The last pc belongs to _linkToVirtual (printed below).

siginfo: EXCEPTION_ACCESS_VIOLATION (0xc0000005), reading address 0xffffffffffffffff


Registers:
RAX=0x000002c7a2979873, RBX=0x00000000867036e8, RCX=0xfffffffffffffff7, RDX=0x0000000000000002
RSP=0x000000f0173fbad8, RBP=0x000000f0173fbb28, RSI=0x000002c7ba73e1b8, RDI=0x000002c7b5e726a0
R8 =0x0000000000000003, R9 =0x000002c7bab98220, R10=0x00007ffff1a29790, R11=0x0000000000000004
R12=0x0000000000000000, R13=0x000000f0173fbad8, R14=0x000000f0173fbb48, R15=0x000002c7ba2f1b70
RIP=0x000002c7a29b094f, EFLAGS=0x0000000000010202

XMM[0]=0x0000000000000000 0x0000000000000000
XMM[1]=0x0000000000000000 0x0000000000000000
XMM[2]=0x0000000000000000 0x0000000000000000
XMM[3]=0x0000000000000000 0x0000000000000000
XMM[4]=0x0000000000000000 0x0000000000000000
XMM[5]=0x0000000000000000 0x0000000000000000
XMM[6]=0x0000000000000000 0x0000000000000000
XMM[7]=0x0000000000000000 0x0000000000000000
XMM[8]=0x0000000000000000 0x0000000000000000
XMM[9]=0x0000000000000000 0x0000000000000000
XMM[10]=0x0000000000000000 0x0000000000000000
XMM[11]=0x0000000000000000 0x0000000000000000
XMM[12]=0x0000000000000000 0x0000000000000000
XMM[13]=0x0000000000000000 0x0000000000000000
XMM[14]=0x0000000000000000 0x0000000000000000
XMM[15]=0x0000000000000000 0x0000000000000000
  MXCSR=0x00001fa0


Register to memory mapping:

RAX=0x000002c7a2979873 is at code_begin+4499 in an Interpreter codelet
return entry points  [0x000002c7a29786e0, 0x000002c7a297a5e8]  7944 bytes
RBX=0x00000000867036e8 is an oop: in.maisonnoir.backend.api.account.controller.UserController 
{0x00000000867036e8} - klass: 'in/maisonnoir/backend/api/account/controller/UserController' - flags: 

 - ---- fields (total size 2 words):
 - private final 'userService' 'Lin/maisonnoir/backend/api/account/service/UserService;' @12  a 'in/maisonnoir/backend/api/account/service/impl/UserServiceImpl$$SpringCGLIB$$0'{0x00000000867036f8} (0x867036f8)
RCX=0xfffffffffffffff7 is an unknown value
RDX=0x0000000000000002 is an unknown value
RSP=0x000000f0173fbad8 is pointing into the stack for thread: 0x000002c7ba2f1b70
RBP=0x000000f0173fbb28 is pointing into the stack for thread: 0x000002c7ba2f1b70
RSI=0x000002c7ba73e1b8 points into unknown readable memory: 0x88001a0030b0da3d | 3d da b0 30 00 1a 00 88
RDI=0x000002c7b5e726a0 points into unknown readable memory: 0x0000000800000060 | 60 00 00 00 08 00 00 00
R8 =0x0000000000000003 is an unknown value
R9 =0x000002c7bab98220 points into unknown readable memory: 0x0000040000000003 | 03 00 00 00 00 04 00 00
R10=0x00007ffff1a29790 jvm.dll
R11=0x0000000000000004 is an unknown value
R12=0x0 is null
R13=0x000000f0173fbad8 is pointing into the stack for thread: 0x000002c7ba2f1b70
R14=0x000000f0173fbb48 is pointing into the stack for thread: 0x000002c7ba2f1b70
R15=0x000002c7ba2f1b70 is a thread

Top of Stack: (sp=0x000000f0173fbad8)
0x000000f0173fbad8:   000002c7a2979873 fffffffffffffff7   s...............
0x000000f0173fbae8:   000000003d840eba 0000000000000004   ...=............
0x000000f0173fbaf8:   000000003d213870 000000f0173fbbc8   p8!=......?.....
0x000000f0173fbb08:   00000000ffe9dbb8 000000003d213908   .........9!=....
0x000000f0173fbb18:   fffffffffffffff6 000000f0173fbb40   ........@.?.....
0x000000f0173fbb28:   000000f0173fbb98 000002c7a2979873   ..?.....s.......
0x000000f0173fbb38:   0000000088b2b3a0 00000000867036e8   .........6p.....
0x000000f0173fbb48:   0000000088b2b530 fffffffffffffff7   0...............
0x000000f0173fbb58:   000002c7b6db0287 0000000000000006   ................
0x000000f0173fbb68:   000002c7b6db0458 0000000000000000   X...............
0x000000f0173fbb78:   000000008ace3278 000002c7b6db0298   x2..............
0x000000f0173fbb88:   fffffffffffffff5 000000f0173fbbd0   ..........?.....
0x000000f0173fbb98:   000000f0173fbe30 000002c7a310ae1c   0.?.............
0x000000f0173fbba8:   0000000088b2b530 00000000867036e8   0........6p.....
0x000000f0173fbbb8:   0000000088b2b6b0 00000000867036e8   .........6p.....
0x000000f0173fbbc8:   0000000088b2b700 000002c7ba2f1b70   ........p./.....
0x000000f0173fbbd8:   fffffffe00000000 0000000000000000   ................
0x000000f0173fbbe8:   000000008719d608 0000000085f61470   ........p.......
0x000000f0173fbbf8:   0000000088b2b728 0000000088b2b700   (...............
0x000000f0173fbc08:   0000000000000000 0000000000000000   ................
0x000000f0173fbc18:   0000000000000000 0000000000000000   ................
0x000000f0173fbc28:   0000000000000000 0000000000000000   ................
0x000000f0173fbc38:   00000000870aaf80 0000000000000000   ................
0x000000f0173fbc48:   0000000088b2b728 000000f0173fbe30   (.......0.?.....
0x000000f0173fbc58:   000002c7a341ceca 000000008719d608   ..A.............
0x000000f0173fbc68:   0000004c00000001 0000000000000000   ....L...........
0x000000f0173fbc78:   0000000088b2b728 0000000088b0d330   (.......0.......
0x000000f0173fbc88:   00000000867036e8 000002c7acc28d00   .6p.............
0x000000f0173fbc98:   0000000000000000 000000f0173fbe30   ........0.?.....
0x000000f0173fbca8:   000002c7a2d6dcfc 0000000000000000   ................
0x000000f0173fbcb8:   0000000088b2b700 0000000000000001   ................
0x000000f0173fbcc8:   00000000870aaf80 0000000000000000   ................

Instructions: (pc=0x000002c7a29b094f)
  0x000002c7a29b084f:   e5 4c 8d 6c 24 08 58 48 83 ec 30 50 48 89 54 24
  0x000002c7a29b085f:   28 44 89 44 24 20 44 89 4c 24 18 48 89 7c 24 10
  0x000002c7a29b086f:   89 74 24 08 48 8b 4b 38 ff e1 f4 f4 f4 f4 f4 f4
  0x000002c7a29b087f:   f4 22 00 00 00 01 00 00 00 00 00 00 00 00 00 00
  0x000002c7a29b088f:   00 f0 20 76 f1 ff 7f 00 00 60 19 9b a2 c7 02 00
  0x000002c7a29b089f:   00 d8 10 00 00 00 00 00 00 58 00 00 00 58 00 00
  0x000002c7a29b08af:   00 d8 10 00 00 00 00 00 00 00 00 00 00 40 00 ff
  0x000002c7a29b08bf:   ff 05 00 00 00 00 00 00 00 00 00 00 00 00 00 00
  0x000002c7a29b08cf:   00 00 00 00 00 00 00 00 00 00 00 00 00 00 00 00
  0x000002c7a29b08df:   00 f4 66 66 66 0f 1f 84 00 00 00 00 00 66 66 66
  0x000002c7a29b08ef:   90 66 66 66 0f 1f 84 00 00 00 00 00 66 66 66 90
  0x000002c7a29b08ff:   90 48 8b 53 08 0f b7 52 2e 48 8b 0c d4 8b 59 14
  0x000002c7a29b090f:   8b 5b 28 8b 5b 24 48 8b 5b 10 48 85 db 0f 84 10
  0x000002c7a29b091f:   00 00 00 41 80 bf 80 06 00 00 00 74 03 ff 63 38
  0x000002c7a29b092f:   ff 63 50 e9 a9 f7 00 00 66 0f 1f 84 00 00 00 00
  0x000002c7a29b093f:   00 48 8b 53 08 0f b7 52 2e 48 8b 0c d4 58 5b 50
=>0x000002c7a29b094f:   44 8b 51 08 41 bb 00 00 00 3d 4d 03 d3 4c 8b 5b
  0x000002c7a29b095f:   10 4b 8b 9c da d8 01 00 00 48 85 db 0f 84 10 00
  0x000002c7a29b096f:   00 00 41 80 bf 80 06 00 00 00 74 03 ff 63 38 ff
  0x000002c7a29b097f:   63 50 e9 5a f7 00 00 66 66 66 0f 1f 84 00 00 00
  0x000002c7a29b098f:   00 00 66 66 66 90 66 66 66 0f 1f 84 00 00 00 00
  0x000002c7a29b099f:   00 58 5b 50 8b 5b 24 48 8b 5b 10 48 85 db 0f 84
  0x000002c7a29b09af:   10 00 00 00 41 80 bf 80 06 00 00 00 74 03 ff 63
  0x000002c7a29b09bf:   38 ff 63 50 e9 18 f7 00 00 66 66 66 0f 1f 84 00
  0x000002c7a29b09cf:   00 00 00 00 66 66 66 90 66 0f 1f 84 00 00 00 00
  0x000002c7a29b09df:   00 48 8b 53 08 0f b7 52 2e 48 8b 0c d4 58 5b 50
  0x000002c7a29b09ef:   48 3b 01 8b 5b 24 48 8b 5b 10 48 85 db 0f 84 10
  0x000002c7a29b09ff:   00 00 00 41 80 bf 80 06 00 00 00 74 03 ff 63 38
  0x000002c7a29b0a0f:   ff 63 50 e9 c9 f6 00 00 66 0f 1f 84 00 00 00 00
  0x000002c7a29b0a1f:   00 48 8b 53 08 0f b7 52 2e 48 8b 0c d4 58 5b 50
  0x000002c7a29b0a2f:   44 8b 51 08 41 bb 00 00 00 3d 4d 03 d3 8b 43 18
  0x000002c7a29b0a3f:   48 8b 40 10 48 8b 5b 10 45 8b 9a b8 00 00 00 4f


Stack slot to memory mapping:

stack at sp + 0 slots: 0x000002c7a2979873 is at code_begin+4499 in an Interpreter codelet
return entry points  [0x000002c7a29786e0, 0x000002c7a297a5e8]  7944 bytes
stack at sp + 1 slots: 0xfffffffffffffff7 is an unknown value
stack at sp + 2 slots: 0x000000003d840eba is pointing into metadata
stack at sp + 3 slots: 0x0000000000000004 is an unknown value
stack at sp + 4 slots: 0x000000003d213870 is pointing into metadata
stack at sp + 5 slots: 0x000000f0173fbbc8 is pointing into the stack for thread: 0x000002c7ba2f1b70
stack at sp + 6 slots: 0x00000000ffe9dbb8 is an oop: java.lang.Class 
{0x00000000ffe9dbb8} - klass: 'java/lang/Class' - flags: 

 - ---- fields (total size 15 words):
 - private volatile transient 'classRedefinedCount' 'I' @12  0 (0x00000000)
 - injected 'klass' 'J' @16  1025586784 (0x000000003d213660)
 - injected 'array_klass' 'J' @24  0 (0x0000000000000000)
 - injected 'oop_size' 'I' @32  15 (0x0000000f)
 - injected 'static_oop_field_count' 'I' @36  0 (0x00000000)
 - private final transient 'modifiers' 'C' @40    16 (0x0010)
 - private final transient 'primitive' 'Z' @42  false (0x00)
 - private volatile transient 'cachedConstructor' 'Ljava/lang/reflect/Constructor;' @44  null (0x00000000)
 - private transient 'name' 'Ljava/lang/String;' @48  "java.lang.invoke.DirectMethodHandle$Holder"{0x00000000ffe514a8} (0xffe514a8)
 - private transient 'module' 'Ljava/lang/Module;' @52  a 'java/lang/Module'{0x00000000855dc118} (0x855dc118)
 - private final 'classLoader' 'Ljava/lang/ClassLoader;' @56  null (0x00000000)
 - private transient 'classData' 'Ljava/lang/Object;' @60  null (0x00000000)
 - private transient 'signers' '[Ljava/lang/Object;' @64  null (0x00000000)
 - private transient 'packageName' 'Ljava/lang/String;' @68  null (0x00000000)
 - private final transient 'componentType' 'Ljava/lang/Class;' @72  null (0x00000000)
 - private final transient 'protectionDomain' 'Ljava/security/ProtectionDomain;' @76  null (0x00000000)
 - private volatile transient 'reflectionData' 'Ljava/lang/ref/SoftReference;' @80  null (0x00000000)
 - private volatile transient 'genericInfo' 'Lsun/reflect/generics/repository/ClassRepository;' @84  null (0x00000000)
 - private volatile transient 'enumConstants' '[Ljava/lang/Object;' @88  null (0x00000000)
 - private volatile transient 'enumConstantDirectory' 'Ljava/util/Map;' @92  null (0x00000000)
 - private volatile transient 'annotationData' 'Ljava/lang/Class$AnnotationData;' @96  null (0x00000000)
 - private volatile transient 'annotationType' 'Lsun/reflect/annotation/AnnotationType;' @100  null (0x00000000)
 - transient 'classValueMap' 'Ljava/lang/ClassValue$ClassValueMap;' @104  null (0x00000000)
 - injected 'source_file' 'Ljava/lang/Object;' @108  null (0x00000000)
 - injected '<init_lock>' 'Ljava/lang/Object;' @112  null (0x00000000)
 - signature: Ljava/lang/invoke/DirectMethodHandle$Holder;
 - ---- static fields (0):
stack at sp + 7 slots: {method} {0x000000003d213910} 'invokeVirtual' '(Ljava/lang/Object;Ljava/lang/Object;)Ljava/lang/Object;' in 'java/lang/invoke/DirectMethodHandle$Holder'

Lock stack of current Java thread (top to bottom):

MethodHandle::interpreter_entry::_linkToVirtual [0x000002c7a29b0937, 0x000002c7a29b0986] (79 bytes)
[MachCode]
  0x000002c7a29b0937: 660f 1f84 | 0000 0000 | 0048 8b53 | 080f b752 | 2e48 8b0c | d458 5b50 | 448b 5108 | 41bb 0000 
  0x000002c7a29b0957: 003d 4d03 | d34c 8b5b | 104b 8b9c | dad8 0100 | 0048 85db | 0f84 1000 | 0000 4180 | bf80 0600 
  0x000002c7a29b0977: 0000 7403 | ff63 38ff | 6350 e95a | 
[/MachCode]

---------------  P R O C E S S  ---------------

Threads class SMR info:
_java_thread_list=0x000002c7bb06da50, length=41, elements={
0x000002c7ab079ce0, 0x000002c7ab07b380, 0x000002c7ab084b90, 0x000002c7ab085750,
0x000002c7ab087d40, 0x000002c7ab08a330, 0x000002c7ab094ae0, 0x000002c7ab21e2a0,
0x000002c7ab244100, 0x000002c7ab24c900, 0x000002c7ab28d6c0, 0x000002c7ab3a9480,
0x000002c7ab3ba490, 0x000002c7ab58eab0, 0x000002c7b3083f50, 0x000002c7b3085e90,
0x000002c7b3084720, 0x000002c7b3083780, 0x000002c7b4728a90, 0x000002c7b506db80,
0x000002c7b5075880, 0x000002c7b50777c0, 0x000002c7b5076ff0, 0x000002c7ba2e67c0,
0x000002c7ba2f13a0, 0x000002c7ba2f32e0, 0x000002c7ba2f1b70, 0x000002c7ba2f4280,
0x000002c7ba2f5220, 0x000002c7b472e850, 0x000002c7bac70590, 0x000002c7bac6fdc0,
0x000002c7bac72ca0, 0x000002c7bac6f5f0, 0x000002c7bac73c40, 0x000002c7bac772f0,
0x000002c7bac78290, 0x000002c7bac76350, 0x000002c7baa7ee50, 0x000002c7baa83ef0,
0x000002c7baa84f10
}

Java Threads: ( => current thread )
  0x000002c7ab079ce0 JavaThread "Reference Handler"          daemon [_thread_blocked, id=14500, stack(0x000000f014a00000,0x000000f014b00000) (1024K)]
  0x000002c7ab07b380 JavaThread "Finalizer"                  daemon [_thread_blocked, id=11972, stack(0x000000f014b00000,0x000000f014c00000) (1024K)]
  0x000002c7ab084b90 JavaThread "Signal Dispatcher"          daemon [_thread_blocked, id=14612, stack(0x000000f014c00000,0x000000f014d00000) (1024K)]
  0x000002c7ab085750 JavaThread "Attach Listener"            daemon [_thread_blocked, id=14640, stack(0x000000f014d00000,0x000000f014e00000) (1024K)]
  0x000002c7ab087d40 JavaThread "Service Thread"             daemon [_thread_blocked, id=14736, stack(0x000000f014e00000,0x000000f014f00000) (1024K)]
  0x000002c7ab08a330 JavaThread "Monitor Deflation Thread"   daemon [_thread_blocked, id=14720, stack(0x000000f014f00000,0x000000f015000000) (1024K)]
  0x000002c7ab094ae0 JavaThread "C1 CompilerThread0"         daemon [_thread_blocked, id=14756, stack(0x000000f015000000,0x000000f015100000) (1024K)]
  0x000002c7ab21e2a0 JavaThread "JDWP Transport Listener: dt_socket" daemon [_thread_blocked, id=14944, stack(0x000000f015200000,0x000000f015300000) (1024K)]
  0x000002c7ab244100 JavaThread "JDWP Event Helper Thread"   daemon [_thread_blocked, id=14752, stack(0x000000f015300000,0x000000f015400000) (1024K)]
  0x000002c7ab24c900 JavaThread "JDWP Command Reader"        daemon [_thread_in_native, id=8416, stack(0x000000f015400000,0x000000f015500000) (1024K)]
  0x000002c7ab28d6c0 JavaThread "Common-Cleaner"             daemon [_thread_blocked, id=7176, stack(0x000000f015500000,0x000000f015600000) (1024K)]
  0x000002c7ab3a9480 JavaThread "IntelliJ Suspend Helper"    daemon [_thread_blocked, id=14900, stack(0x000000f015600000,0x000000f015700000) (1024K)]
  0x000002c7ab3ba490 JavaThread "Notification Thread"        daemon [_thread_blocked, id=15488, stack(0x000000f015700000,0x000000f015800000) (1024K)]
  0x000002c7ab58eab0 JavaThread "RMI TCP Accept-0"           daemon [_thread_in_native, id=7448, stack(0x000000f015a00000,0x000000f015b00000) (1024K)]
  0x000002c7b3083f50 JavaThread "Catalina-utility-1"                [_thread_blocked, id=10184, stack(0x000000f016400000,0x000000f016500000) (1024K)]
  0x000002c7b3085e90 JavaThread "Catalina-utility-2"                [_thread_blocked, id=5632, stack(0x000000f016600000,0x000000f016700000) (1024K)]
  0x000002c7b3084720 JavaThread "container-0"                       [_thread_blocked, id=6832, stack(0x000000f016700000,0x000000f016800000) (1024K)]
  0x000002c7b3083780 JavaThread "mysql-cj-abandoned-connection-cleanup" daemon [_thread_blocked, id=15492, stack(0x000000f016800000,0x000000f016900000) (1024K)]
  0x000002c7b4728a90 JavaThread "HikariPool-1:housekeeper"   daemon [_thread_blocked, id=12404, stack(0x000000f016a00000,0x000000f016b00000) (1024K)]
  0x000002c7b506db80 JavaThread "BufferPoolPruner-1-thread-1" daemon [_thread_blocked, id=15180, stack(0x000000f016c00000,0x000000f016d00000) (1024K)]
  0x000002c7b5075880 JavaThread "cluster-ClusterId{value='697e04ea00b7da31dc2066f7', description='null'}-localhost:27017" daemon [_thread_in_native, id=7772, stack(0x000000f016d00000,0x000000f016e00000) (1024K)]
  0x000002c7b50777c0 JavaThread "cluster-rtt-ClusterId{value='697e04ea00b7da31dc2066f7', description='null'}-localhost:27017" daemon [_thread_blocked, id=6324, stack(0x000000f016e00000,0x000000f016f00000) (1024K)]
  0x000002c7b5076ff0 JavaThread "MaintenanceTimer-2-thread-1" daemon [_thread_blocked, id=15260, stack(0x000000f016f00000,0x000000f017000000) (1024K)]
  0x000002c7ba2e67c0 JavaThread "Live Reload Server"         daemon [_thread_in_native, id=15292, stack(0x000000f017100000,0x000000f017200000) (1024K)]
  0x000002c7ba2f13a0 JavaThread "File Watcher"               daemon [_thread_blocked, id=15384, stack(0x000000f017000000,0x000000f017100000) (1024K)]
  0x000002c7ba2f32e0 JavaThread "http-nio-8080-exec-1"       daemon [_thread_blocked, id=15356, stack(0x000000f017200000,0x000000f017300000) (1024K)]
=>0x000002c7ba2f1b70 JavaThread "http-nio-8080-exec-2"       daemon [_thread_in_Java, id=15440, stack(0x000000f017300000,0x000000f017400000) (1024K)]
  0x000002c7ba2f4280 JavaThread "http-nio-8080-exec-3"       daemon [_thread_blocked, id=8700, stack(0x000000f017400000,0x000000f017500000) (1024K)]
  0x000002c7ba2f5220 JavaThread "http-nio-8080-exec-4"       daemon [_thread_blocked, id=5404, stack(0x000000f017500000,0x000000f017600000) (1024K)]
  0x000002c7b472e850 JavaThread "http-nio-8080-exec-5"       daemon [_thread_blocked, id=8356, stack(0x000000f017600000,0x000000f017700000) (1024K)]
  0x000002c7bac70590 JavaThread "http-nio-8080-exec-6"       daemon [_thread_blocked, id=15188, stack(0x000000f017700000,0x000000f017800000) (1024K)]
  0x000002c7bac6fdc0 JavaThread "http-nio-8080-exec-7"       daemon [_thread_blocked, id=13096, stack(0x000000f017800000,0x000000f017900000) (1024K)]
  0x000002c7bac72ca0 JavaThread "http-nio-8080-exec-8"       daemon [_thread_blocked, id=836, stack(0x000000f017900000,0x000000f017a00000) (1024K)]
  0x000002c7bac6f5f0 JavaThread "http-nio-8080-exec-9"       daemon [_thread_blocked, id=11136, stack(0x000000f017a00000,0x000000f017b00000) (1024K)]
  0x000002c7bac73c40 JavaThread "http-nio-8080-exec-10"      daemon [_thread_blocked, id=15248, stack(0x000000f017b00000,0x000000f017c00000) (1024K)]
  0x000002c7bac772f0 JavaThread "http-nio-8080-Poller"       daemon [_thread_in_native, id=15264, stack(0x000000f017c00000,0x000000f017d00000) (1024K)]
  0x000002c7bac78290 JavaThread "http-nio-8080-Acceptor"     daemon [_thread_in_native, id=5540, stack(0x000000f017d00000,0x000000f017e00000) (1024K)]
  0x000002c7bac76350 JavaThread "DestroyJavaVM"                     [_thread_blocked, id=7948, stack(0x000000f014200000,0x000000f014300000) (1024K)]
  0x000002c7baa7ee50 JavaThread "C1 CompilerThread1"         daemon [_thread_blocked, id=5280, stack(0x000000f013f00000,0x000000f014000000) (1024K)]
  0x000002c7baa83ef0 JavaThread "C1 CompilerThread2"         daemon [_thread_blocked, id=5092, stack(0x000000f014000000,0x000000f014100000) (1024K)]
  0x000002c7baa84f10 JavaThread "C1 CompilerThread3"         daemon [_thread_blocked, id=15352, stack(0x000000f014100000,0x000000f014200000) (1024K)]
Total: 41

Other Threads:
  0x000002c7ab068a50 VMThread "VM Thread"                           [id=11440, stack(0x000000f014900000,0x000000f014a00000) (1024K)]
  0x000002c799580610 WatcherThread "VM Periodic Task Thread"        [id=14416, stack(0x000000f014800000,0x000000f014900000) (1024K)]
  0x000002c799507050 WorkerThread "GC Thread#0"                     [id=7976, stack(0x000000f014300000,0x000000f014400000) (1024K)]
  0x000002c7b11edb10 WorkerThread "GC Thread#1"                     [id=12572, stack(0x000000f015d00000,0x000000f015e00000) (1024K)]
  0x000002c7b11ed270 WorkerThread "GC Thread#2"                     [id=11752, stack(0x000000f015e00000,0x000000f015f00000) (1024K)]
  0x000002c7b11ed6c0 WorkerThread "GC Thread#3"                     [id=10488, stack(0x000000f015f00000,0x000000f016000000) (1024K)]
  0x000002c7b11f2010 WorkerThread "GC Thread#4"                     [id=11420, stack(0x000000f016000000,0x000000f016100000) (1024K)]
  0x000002c7b11f01e0 WorkerThread "GC Thread#5"                     [id=15468, stack(0x000000f016100000,0x000000f016200000) (1024K)]
  0x000002c7b11f1bc0 WorkerThread "GC Thread#6"                     [id=10476, stack(0x000000f016200000,0x000000f016300000) (1024K)]
  0x000002c7b11f0630 WorkerThread "GC Thread#7"                     [id=15596, stack(0x000000f016300000,0x000000f016400000) (1024K)]
  0x000002c79951f1c0 ConcurrentGCThread "G1 Main Marker"            [id=12688, stack(0x000000f014400000,0x000000f014500000) (1024K)]
  0x000002c799520e70 WorkerThread "G1 Conc#0"                       [id=13252, stack(0x000000f014500000,0x000000f014600000) (1024K)]
  0x000002c7b194db20 WorkerThread "G1 Conc#1"                       [id=15520, stack(0x000000f016500000,0x000000f016600000) (1024K)]
  0x000002c79956c1e0 ConcurrentGCThread "G1 Refine#0"               [id=15428, stack(0x000000f014600000,0x000000f014700000) (1024K)]
  0x000002c79956ec00 ConcurrentGCThread "G1 Service"                [id=5292, stack(0x000000f014700000,0x000000f014800000) (1024K)]
Total: 15

Threads with active compile tasks:
Total: 0

VM state: not at safepoint (normal execution)

VM Mutex/Monitor currently owned by a thread: None

Heap address: 0x0000000085200000, size: 1966 MB, Compressed Oops mode: 32-bit

CDS archive(s) mapped at: [0x000000003d000000-0x000000003ddd0000-0x000000003ddd0000), size 14483456, SharedBaseAddress: 0x000000003d000000, ArchiveRelocationMode: 1.
Compressed class space mapped at: 0x000000003e000000-0x000000007e000000, reserved size: 1073741824
UseCompressedClassPointers 1, UseCompactObjectHeaders 0
Narrow klass pointer bits 32, Max shift 3
Narrow klass base: 0x000000003d000000, Narrow klass shift: 0
Encoding Range: [0x000000003d000000 - 0x000000013d000000), (4294967296 bytes)
Klass Range:    [0x000000003d010000 - 0x000000007e000000), (1090453504 bytes)
Klass ID Range:  [65536 - 1090519033) (1090453497)
Protection zone: [0x000000003d000000 - 0x000000003d010000), (65536 bytes)

GC Precious Log:
 CardTable entry size: 512
 Card Set container configuration: InlinePtr #cards 5 size 8 Array Of Cards #cards 10 size 36 Howl #buckets 4 coarsen threshold 1843 Howl Bitmap #cards 512 size 80 coarsen threshold 460 Card regions per heap region 1 cards per card region 2048
 CPUs: 8 total, 8 available
 Memory: 7859M
 Large Page Support: Disabled
 NUMA Support: Disabled
 Compressed Oops: Enabled (32-bit)
 Heap Region Size: 1M
 Heap Min Capacity: 8M
 Heap Initial Capacity: 124M
 Heap Max Capacity: 1966M
 Pre-touch: Disabled
 Parallel Workers: 8
 Concurrent Workers: 2
 Concurrent Refinement Workers: 8
 Periodic GC: Disabled

Heap:
 garbage-first heap   total reserved 2013184K, committed 71680K, used 51753K [0x0000000085200000, 0x0000000100000000)
  region size 1024K, 15 young (15360K), 4 survivors (4096K)

Heap Regions: E=young(eden), S=young(survivor), O=old, HS=humongous(starts), HC=humongous(continues), CS=collection set, F=free, TAMS=top-at-mark-start, PB=parsable bottom
|   0|0x0000000085200000, 0x0000000085300000, 0x0000000085300000|100%|HS|  |TAMS 0x0000000085200000| PB 0x0000000085200000| Complete |  0
|   1|0x0000000085300000, 0x0000000085400000, 0x0000000085400000|100%|HS|  |TAMS 0x0000000085300000| PB 0x0000000085300000| Complete |  0
|   2|0x0000000085400000, 0x0000000085500000, 0x0000000085500000|100%| O|  |TAMS 0x0000000085400000| PB 0x0000000085400000| Untracked |  0
|   3|0x0000000085500000, 0x0000000085600000, 0x0000000085600000|100%| O|  |TAMS 0x0000000085500000| PB 0x0000000085500000| Untracked |  0
|   4|0x0000000085600000, 0x0000000085700000, 0x0000000085700000|100%| O|  |TAMS 0x0000000085600000| PB 0x0000000085600000| Untracked |  0
|   5|0x0000000085700000, 0x0000000085800000, 0x0000000085800000|100%| O|  |TAMS 0x0000000085700000| PB 0x0000000085700000| Untracked |  0
|   6|0x0000000085800000, 0x0000000085900000, 0x0000000085900000|100%| O|  |TAMS 0x0000000085800000| PB 0x0000000085800000| Untracked |  0
|   7|0x0000000085900000, 0x0000000085a00000, 0x0000000085a00000|100%| O|  |TAMS 0x0000000085900000| PB 0x0000000085900000| Untracked |  0
|   8|0x0000000085a00000, 0x0000000085b00000, 0x0000000085b00000|100%| O|  |TAMS 0x0000000085a00000| PB 0x0000000085a00000| Untracked |  0
|   9|0x0000000085b00000, 0x0000000085c00000, 0x0000000085c00000|100%| O|Cm|TAMS 0x0000000085b00000| PB 0x0000000085b00000| Complete |  0
|  10|0x0000000085c00000, 0x0000000085d00000, 0x0000000085d00000|100%| O|  |TAMS 0x0000000085c00000| PB 0x0000000085c00000| Untracked |  0
|  11|0x0000000085d00000, 0x0000000085e00000, 0x0000000085e00000|100%| O|  |TAMS 0x0000000085d00000| PB 0x0000000085d00000| Untracked |  0
|  12|0x0000000085e00000, 0x0000000085f00000, 0x0000000085f00000|100%| O|  |TAMS 0x0000000085e00000| PB 0x0000000085e00000| Untracked |  0
|  13|0x0000000085f00000, 0x0000000086000000, 0x0000000086000000|100%| O|  |TAMS 0x0000000085f00000| PB 0x0000000085f00000| Untracked |  0
|  14|0x0000000086000000, 0x0000000086100000, 0x0000000086100000|100%| O|  |TAMS 0x0000000086000000| PB 0x0000000086000000| Untracked |  0
|  15|0x0000000086100000, 0x0000000086200000, 0x0000000086200000|100%| O|  |TAMS 0x0000000086100000| PB 0x0000000086100000| Untracked |  0
|  16|0x0000000086200000, 0x0000000086300000, 0x0000000086300000|100%| O|  |TAMS 0x0000000086200000| PB 0x0000000086200000| Untracked |  0
|  17|0x0000000086300000, 0x0000000086400000, 0x0000000086400000|100%| O|  |TAMS 0x0000000086300000| PB 0x0000000086300000| Untracked |  0
|  18|0x0000000086400000, 0x0000000086500000, 0x0000000086500000|100%| O|  |TAMS 0x0000000086400000| PB 0x0000000086400000| Untracked |  0
|  19|0x0000000086500000, 0x0000000086600000, 0x0000000086600000|100%| O|  |TAMS 0x0000000086500000| PB 0x0000000086500000| Untracked |  0
|  20|0x0000000086600000, 0x0000000086700000, 0x0000000086700000|100%| O|Cm|TAMS 0x0000000086600000| PB 0x0000000086600000| Complete |  0
|  21|0x0000000086700000, 0x0000000086800000, 0x0000000086800000|100%| O|  |TAMS 0x0000000086700000| PB 0x0000000086700000| Untracked |  0
|  22|0x0000000086800000, 0x0000000086900000, 0x0000000086900000|100%| O|  |TAMS 0x0000000086800000| PB 0x0000000086800000| Untracked |  0
|  23|0x0000000086900000, 0x0000000086a00000, 0x0000000086a00000|100%| O|  |TAMS 0x0000000086900000| PB 0x0000000086900000| Untracked |  0
|  24|0x0000000086a00000, 0x0000000086b00000, 0x0000000086b00000|100%| O|Cm|TAMS 0x0000000086a00000| PB 0x0000000086a00000| Complete |  0
|  25|0x0000000086b00000, 0x0000000086c00000, 0x0000000086c00000|100%| O|  |TAMS 0x0000000086b00000| PB 0x0000000086b00000| Untracked |  0
|  26|0x0000000086c00000, 0x0000000086d00000, 0x0000000086d00000|100%| O|  |TAMS 0x0000000086c00000| PB 0x0000000086c00000| Untracked |  0
|  27|0x0000000086d00000, 0x0000000086e00000, 0x0000000086e00000|100%| O|  |TAMS 0x0000000086d00000| PB 0x0000000086d00000| Untracked |  0
|  28|0x0000000086e00000, 0x0000000086f00000, 0x0000000086f00000|100%| O|Cm|TAMS 0x0000000086e00000| PB 0x0000000086e00000| Complete |  0
|  29|0x0000000086f00000, 0x0000000087000000, 0x0000000087000000|100%| O|Cm|TAMS 0x0000000086f00000| PB 0x0000000086f00000| Complete |  0
|  30|0x0000000087000000, 0x0000000087100000, 0x0000000087100000|100%| O|Cm|TAMS 0x0000000087000000| PB 0x0000000087000000| Complete |  0
|  31|0x0000000087100000, 0x0000000087200000, 0x0000000087200000|100%| O|  |TAMS 0x0000000087100000| PB 0x0000000087100000| Untracked |  0
|  32|0x0000000087200000, 0x0000000087300000, 0x0000000087300000|100%| O|  |TAMS 0x0000000087200000| PB 0x0000000087200000| Untracked |  0
|  33|0x0000000087300000, 0x0000000087400000, 0x0000000087400000|100%| O|Cm|TAMS 0x0000000087300000| PB 0x0000000087300000| Complete |  0
|  34|0x0000000087400000, 0x0000000087500000, 0x0000000087500000|100%| O|Cm|TAMS 0x0000000087400000| PB 0x0000000087400000| Complete |  0
|  35|0x0000000087500000, 0x0000000087500000, 0x0000000087600000|  0%| F|  |TAMS 0x0000000087500000| PB 0x0000000087500000| Untracked |  0
|  36|0x0000000087600000, 0x000000008764ae68, 0x0000000087700000| 29%| O|  |TAMS 0x0000000087600000| PB 0x0000000087600000| Untracked |  0
|  37|0x0000000087700000, 0x0000000087700000, 0x0000000087800000|  0%| F|  |TAMS 0x0000000087700000| PB 0x0000000087700000| Untracked |  0
|  38|0x0000000087800000, 0x0000000087900000, 0x0000000087900000|100%| S|CS|TAMS 0x0000000087800000| PB 0x0000000087800000| Complete |  0
|  39|0x0000000087900000, 0x0000000087a00000, 0x0000000087a00000|100%| S|CS|TAMS 0x0000000087900000| PB 0x0000000087900000| Complete |  0
|  40|0x0000000087a00000, 0x0000000087a00000, 0x0000000087b00000|  0%| F|  |TAMS 0x0000000087a00000| PB 0x0000000087a00000| Untracked |  0
|  41|0x0000000087b00000, 0x0000000087b00000, 0x0000000087c00000|  0%| F|  |TAMS 0x0000000087b00000| PB 0x0000000087b00000| Untracked |  0
|  42|0x0000000087c00000, 0x0000000087d00000, 0x0000000087d00000|100%| S|CS|TAMS 0x0000000087c00000| PB 0x0000000087c00000| Complete |  0
|  43|0x0000000087d00000, 0x0000000087d00000, 0x0000000087e00000|  0%| F|  |TAMS 0x0000000087d00000| PB 0x0000000087d00000| Untracked |  0
|  44|0x0000000087e00000, 0x0000000087e00000, 0x0000000087f00000|  0%| F|  |TAMS 0x0000000087e00000| PB 0x0000000087e00000| Untracked |  0
|  45|0x0000000087f00000, 0x0000000087f00000, 0x0000000088000000|  0%| F|  |TAMS 0x0000000087f00000| PB 0x0000000087f00000| Untracked |  0
|  46|0x0000000088000000, 0x0000000088000000, 0x0000000088100000|  0%| F|  |TAMS 0x0000000088000000| PB 0x0000000088000000| Untracked |  0
|  47|0x0000000088100000, 0x0000000088100000, 0x0000000088200000|  0%| F|  |TAMS 0x0000000088100000| PB 0x0000000088100000| Untracked |  0
|  48|0x0000000088200000, 0x0000000088200000, 0x0000000088300000|  0%| F|  |TAMS 0x0000000088200000| PB 0x0000000088200000| Untracked |  0
|  49|0x0000000088300000, 0x0000000088300000, 0x0000000088400000|  0%| F|  |TAMS 0x0000000088300000| PB 0x0000000088300000| Untracked |  0
|  50|0x0000000088400000, 0x0000000088400000, 0x0000000088500000|  0%| F|  |TAMS 0x0000000088400000| PB 0x0000000088400000| Untracked |  0
|  51|0x0000000088500000, 0x0000000088500000, 0x0000000088600000|  0%| F|  |TAMS 0x0000000088500000| PB 0x0000000088500000| Untracked |  0
|  52|0x0000000088600000, 0x0000000088600000, 0x0000000088700000|  0%| F|  |TAMS 0x0000000088600000| PB 0x0000000088600000| Untracked |  0
|  53|0x0000000088700000, 0x0000000088700000, 0x0000000088800000|  0%| F|  |TAMS 0x0000000088700000| PB 0x0000000088700000| Untracked |  0
|  54|0x0000000088800000, 0x0000000088800000, 0x0000000088900000|  0%| F|  |TAMS 0x0000000088800000| PB 0x0000000088800000| Untracked |  0
|  55|0x0000000088900000, 0x0000000088900000, 0x0000000088a00000|  0%| F|  |TAMS 0x0000000088900000| PB 0x0000000088900000| Untracked |  0
|  56|0x0000000088a00000, 0x0000000088a789c8, 0x0000000088b00000| 47%| E|  |TAMS 0x0000000088a00000| PB 0x0000000088a00000| Complete |  0
|  57|0x0000000088b00000, 0x0000000088c00000, 0x0000000088c00000|100%| E|CS|TAMS 0x0000000088b00000| PB 0x0000000088b00000| Complete |  0
|  58|0x0000000088c00000, 0x0000000088d00000, 0x0000000088d00000|100%| E|CS|TAMS 0x0000000088c00000| PB 0x0000000088c00000| Complete |  0
|  59|0x0000000088d00000, 0x0000000088e00000, 0x0000000088e00000|100%| E|CS|TAMS 0x0000000088d00000| PB 0x0000000088d00000| Complete |  0
|  60|0x0000000088e00000, 0x0000000088e3f660, 0x0000000088f00000| 24%| S|CS|TAMS 0x0000000088e00000| PB 0x0000000088e00000| Complete |  0
|  61|0x0000000088f00000, 0x0000000089000000, 0x0000000089000000|100%| E|CS|TAMS 0x0000000088f00000| PB 0x0000000088f00000| Complete |  0
|  62|0x0000000089000000, 0x0000000089100000, 0x0000000089100000|100%| E|CS|TAMS 0x0000000089000000| PB 0x0000000089000000| Complete |  0
|  90|0x000000008ac00000, 0x000000008ad00000, 0x000000008ad00000|100%| E|CS|TAMS 0x000000008ac00000| PB 0x000000008ac00000| Complete |  0
|  91|0x000000008ad00000, 0x000000008ae00000, 0x000000008ae00000|100%| E|CS|TAMS 0x000000008ad00000| PB 0x000000008ad00000| Complete |  0
|  92|0x000000008ae00000, 0x000000008af00000, 0x000000008af00000|100%| E|CS|TAMS 0x000000008ae00000| PB 0x000000008ae00000| Complete |  0
| 123|0x000000008cd00000, 0x000000008ce00000, 0x000000008ce00000|100%| E|CS|TAMS 0x000000008cd00000| PB 0x000000008cd00000| Complete |  0
|1963|0x00000000ffd00000, 0x00000000ffe00000, 0x00000000ffe00000|100%| O|Cm|TAMS 0x00000000ffd00000| PB 0x00000000ffd00000| Complete |  0
|1964|0x00000000ffe00000, 0x00000000fff00000, 0x00000000fff00000|100%| O|  |TAMS 0x00000000ffe00000| PB 0x00000000ffe00000| Untracked |  0
|1965|0x00000000fff00000, 0x0000000100000000, 0x0000000100000000|100%| E|CS|TAMS 0x00000000fff00000| PB 0x00000000fff00000| Complete |  0

Card table byte_map: [0x000002c7a64c0000,0x000002c7a68a0000] _byte_map_base: 0x000002c7a6097000

Marking Bits: (CMBitMap*) 0x000002c7995077e0
 Bits: [0x000002c7a68a0000, 0x000002c7a8758000)

Polling page: 0x000002c797ae0000

Metaspace:
Metaspace        used 89288K, committed 89792K, reserved 1179648K
 class space     used 9812K, committed 9984K, reserved 1048576K

Usage:
  Non-class:     77.61 MB used.
      Class:      9.58 MB used.
       Both:     87.20 MB used.

Virtual space:
  Non-class space:      128.00 MB reserved,      77.94 MB ( 61%) committed,  2 nodes.
      Class space:        1.00 GB reserved,       9.75 MB ( <1%) committed,  1 nodes.
             Both:        1.12 GB reserved,      87.69 MB (  8%) committed. 

Chunk freelists:
   Non-Class:  1.99 MB
       Class:  6.20 MB
        Both:  8.19 MB

MaxMetaspaceSize: unlimited
CompressedClassSpaceSize: 1.00 GB
Initial GC threshold: 21.00 MB
Current GC threshold: 144.94 MB
CDS: on
 - commit_granule_bytes: 65536.
 - commit_granule_words: 8192.
 - virtual_space_node_default_size: 8388608.
 - enlarge_chunks_in_place: 1.
UseCompressedClassPointers 1, UseCompactObjectHeaders 0
Narrow klass pointer bits 32, Max shift 3
Narrow klass base: 0x000000003d000000, Narrow klass shift: 0
Encoding Range: [0x000000003d000000 - 0x000000013d000000), (4294967296 bytes)
Klass Range:    [0x000000003d010000 - 0x000000007e000000), (1090453504 bytes)
Klass ID Range:  [65536 - 1090519033) (1090453497)
Protection zone: [0x000000003d000000 - 0x000000003d010000), (65536 bytes)


Internal statistics:

num_allocs_failed_limit: 9.
num_arena_births: 776.
num_arena_deaths: 148.
num_vsnodes_births: 3.
num_vsnodes_deaths: 0.
num_space_committed: 1402.
num_space_uncommitted: 0.
num_chunks_returned_to_freelist: 159.
num_chunks_taken_from_freelist: 3697.
num_chunk_merges: 43.
num_chunk_splits: 2656.
num_chunks_enlarged: 2222.
num_inconsistent_stats: 0.

CodeCache: size=49152Kb used=11958Kb max_used=11958Kb free=37194Kb
 bounds [0x000002c7a2970000, 0x000002c7a3570000, 0x000002c7a5970000]
 total_blobs=8390, nmethods=7591, adapters=720, full_count=0
Compilation: enabled, stopped_count=0, restarted_count=0

Compilation events (20 events):
Event: 240.853 Thread 0x000002c7baa83ef0 7722       1       com.mongodb.connection.ServerDescription::getPrimary (5 bytes)
Event: 240.853 Thread 0x000002c7baa7ee50 7723       1       com.mongodb.connection.ServerDescription::getSetName (5 bytes)
Event: 240.853 Thread 0x000002c7baa7ee50 nmethod 7723 0x000002c7a2c74b88 code [0x000002c7a2c74c80, 0x000002c7a2c74d48]
Event: 240.853 Thread 0x000002c7baa83ef0 nmethod 7722 0x000002c7a2c74888 code [0x000002c7a2c74980, 0x000002c7a2c74a48]
Event: 240.853 Thread 0x000002c7baa7ee50 7724       1       com.mongodb.connection.ServerDescription::getState (5 bytes)
Event: 240.853 Thread 0x000002c7baa83ef0 7725       1       com.mongodb.connection.ServerDescription::getTagSet (5 bytes)
Event: 240.853 Thread 0x000002c7baa7ee50 nmethod 7724 0x000002c7a2c74588 code [0x000002c7a2c74680, 0x000002c7a2c74748]
Event: 240.853 Thread 0x000002c7baa83ef0 nmethod 7725 0x000002c7a2c74288 code [0x000002c7a2c74380, 0x000002c7a2c74448]
Event: 240.853 Thread 0x000002c7baa7ee50 7726       1       com.mongodb.connection.ServerDescription::getMaxWireVersion (5 bytes)
Event: 240.853 Thread 0x000002c7baa83ef0 7727       1       com.mongodb.connection.ServerDescription::getElectionId (5 bytes)
Event: 240.853 Thread 0x000002c7baa7ee50 nmethod 7726 0x000002c7a2c73f88 code [0x000002c7a2c74080, 0x000002c7a2c74148]
Event: 240.853 Thread 0x000002c7baa83ef0 nmethod 7727 0x000002c7a2c73c88 code [0x000002c7a2c73d80, 0x000002c7a2c73e48]
Event: 240.853 Thread 0x000002c7baa7ee50 7728       1       com.mongodb.connection.ServerDescription::getSetVersion (5 bytes)
Event: 240.853 Thread 0x000002c7baa83ef0 7699       1       sun.security.ssl.SSLCipher$T13GcmWriteCipherGenerator$GcmWriteCipher::getExplicitNonceSize (2 bytes)
Event: 240.854 Thread 0x000002c7baa83ef0 nmethod 7699 0x000002c7a2c73988 code [0x000002c7a2c73a80, 0x000002c7a2c73b48]
Event: 240.854 Thread 0x000002c7baa83ef0 7663       1       com.mongodb.internal.connection.ByteBufferBsonOutput$BufferPositionPair::access$200 (5 bytes)
Event: 240.854 Thread 0x000002c7baa7ee50 nmethod 7728 0x000002c7a2c73688 code [0x000002c7a2c73780, 0x000002c7a2c73848]
Event: 240.854 Thread 0x000002c7baa83ef0 nmethod 7663 0x000002c7a2c73388 code [0x000002c7a2c73480, 0x000002c7a2c73528]
Event: 240.854 Thread 0x000002c7baa84f10 nmethod 7693 0x000002c7a2c72708 code [0x000002c7a2c72800, 0x000002c7a2c732d8]
Event: 240.855 Thread 0x000002c7ab094ae0 nmethod 7715 0x000002c7a2c70d88 code [0x000002c7a2c70e80, 0x000002c7a2c72688]

GC Heap Usage History (20 events):
Event: 6.095 {heap Before GC invocations=11 (full 0):
 garbage-first heap   total reserved 2013184K, committed 55296K, used 46448K [0x0000000085200000, 0x0000000100000000)
  region size 1024K, 26 young (26624K), 4 survivors (4096K)
}
Event: 6.099 {heap After GC invocations=12 (full 0):
 garbage-first heap   total reserved 2013184K, committed 55296K, used 25953K [0x0000000085200000, 0x0000000100000000)
  region size 1024K, 3 young (3072K), 3 survivors (3072K)
}
Event: 6.628 {heap Before GC invocations=12 (full 0):
 garbage-first heap   total reserved 2013184K, committed 55296K, used 47457K [0x0000000085200000, 0x0000000100000000)
  region size 1024K, 25 young (25600K), 3 survivors (3072K)
}
Event: 6.631 {heap After GC invocations=13 (full 0):
 garbage-first heap   total reserved 2013184K, committed 66560K, used 28350K [0x0000000085200000, 0x0000000100000000)
  region size 1024K, 4 young (4096K), 4 survivors (4096K)
}
Event: 7.007 {heap Before GC invocations=13 (full 0):
 garbage-first heap   total reserved 2013184K, committed 66560K, used 51902K [0x0000000085200000, 0x0000000100000000)
  region size 1024K, 28 young (28672K), 4 survivors (4096K)
}
Event: 7.011 {heap After GC invocations=14 (full 0):
 garbage-first heap   total reserved 2013184K, committed 66560K, used 29587K [0x0000000085200000, 0x0000000100000000)
  region size 1024K, 2 young (2048K), 2 survivors (2048K)
}
Event: 7.512 {heap Before GC invocations=15 (full 0):
 garbage-first heap   total reserved 2013184K, committed 66560K, used 57235K [0x0000000085200000, 0x0000000100000000)
  region size 1024K, 30 young (30720K), 2 survivors (2048K)
}
Event: 7.515 {heap After GC invocations=16 (full 0):
 garbage-first heap   total reserved 2013184K, committed 66560K, used 30831K [0x0000000085200000, 0x0000000100000000)
  region size 1024K, 3 young (3072K), 3 survivors (3072K)
}
Event: 8.044 {heap Before GC invocations=16 (full 0):
 garbage-first heap   total reserved 2013184K, committed 66560K, used 58479K [0x0000000085200000, 0x0000000100000000)
  region size 1024K, 31 young (31744K), 3 survivors (3072K)
}
Event: 8.048 {heap After GC invocations=17 (full 0):
 garbage-first heap   total reserved 2013184K, committed 66560K, used 32233K [0x0000000085200000, 0x0000000100000000)
  region size 1024K, 3 young (3072K), 3 survivors (3072K)
}
Event: 8.468 {heap Before GC invocations=17 (full 0):
 garbage-first heap   total reserved 2013184K, committed 66560K, used 59881K [0x0000000085200000, 0x0000000100000000)
  region size 1024K, 30 young (30720K), 3 survivors (3072K)
}
Event: 8.472 {heap After GC invocations=18 (full 0):
 garbage-first heap   total reserved 2013184K, committed 66560K, used 33966K [0x0000000085200000, 0x0000000100000000)
  region size 1024K, 4 young (4096K), 4 survivors (4096K)
}
Event: 8.883 {heap Before GC invocations=18 (full 0):
 garbage-first heap   total reserved 2013184K, committed 66560K, used 59566K [0x0000000085200000, 0x0000000100000000)
  region size 1024K, 30 young (30720K), 4 survivors (4096K)
}
Event: 8.890 {heap After GC invocations=19 (full 0):
 garbage-first heap   total reserved 2013184K, committed 67584K, used 36332K [0x0000000085200000, 0x0000000100000000)
  region size 1024K, 4 young (4096K), 4 survivors (4096K)
}
Event: 9.229 {heap Before GC invocations=20 (full 0):
 garbage-first heap   total reserved 2013184K, committed 67584K, used 59884K [0x0000000085200000, 0x0000000100000000)
  region size 1024K, 28 young (28672K), 4 survivors (4096K)
}
Event: 9.234 {heap After GC invocations=21 (full 0):
 garbage-first heap   total reserved 2013184K, committed 68608K, used 38320K [0x0000000085200000, 0x0000000100000000)
  region size 1024K, 3 young (3072K), 3 survivors (3072K)
}
Event: 9.583 {heap Before GC invocations=21 (full 0):
 garbage-first heap   total reserved 2013184K, committed 68608K, used 61872K [0x0000000085200000, 0x0000000100000000)
  region size 1024K, 26 young (26624K), 3 survivors (3072K)
}
Event: 9.587 {heap After GC invocations=22 (full 0):
 garbage-first heap   total reserved 2013184K, committed 68608K, used 40238K [0x0000000085200000, 0x0000000100000000)
  region size 1024K, 4 young (4096K), 4 survivors (4096K)
}
Event: 47.493 {heap Before GC invocations=22 (full 0):
 garbage-first heap   total reserved 2013184K, committed 68608K, used 61742K [0x0000000085200000, 0x0000000100000000)
  region size 1024K, 26 young (26624K), 4 survivors (4096K)
}
Event: 47.500 {heap After GC invocations=23 (full 0):
 garbage-first heap   total reserved 2013184K, committed 69632K, used 41513K [0x0000000085200000, 0x0000000100000000)
  region size 1024K, 4 young (4096K), 4 survivors (4096K)
}

Metaspace Usage History (20 events):
Event: 6.095 {metaspace Before GC invocations=11 (full 0):
 Metaspace       used 47184K, committed 47616K, reserved 1114112K
  class space    used 5010K, committed 5184K, reserved 1048576K
}
Event: 6.099 {metaspace After GC invocations=12 (full 0):
 Metaspace       used 47184K, committed 47616K, reserved 1114112K
  class space    used 5010K, committed 5184K, reserved 1048576K
}
Event: 6.628 {metaspace Before GC invocations=12 (full 0):
 Metaspace       used 55414K, committed 55872K, reserved 1114112K
  class space    used 5836K, committed 6016K, reserved 1048576K
}
Event: 6.631 {metaspace After GC invocations=13 (full 0):
 Metaspace       used 55414K, committed 55872K, reserved 1114112K
  class space    used 5836K, committed 6016K, reserved 1048576K
}
Event: 7.007 {metaspace Before GC invocations=13 (full 0):
 Metaspace       used 59834K, committed 60288K, reserved 1114112K
  class space    used 6225K, committed 6400K, reserved 1048576K
}
Event: 7.011 {metaspace After GC invocations=14 (full 0):
 Metaspace       used 59834K, committed 60288K, reserved 1114112K
  class space    used 6225K, committed 6400K, reserved 1048576K
}
Event: 7.512 {metaspace Before GC invocations=15 (full 0):
 Metaspace       used 66775K, committed 67264K, reserved 1114112K
  class space    used 7073K, committed 7296K, reserved 1048576K
}
Event: 7.515 {metaspace After GC invocations=16 (full 0):
 Metaspace       used 66775K, committed 67264K, reserved 1114112K
  class space    used 7073K, committed 7296K, reserved 1048576K
}
Event: 8.044 {metaspace Before GC invocations=16 (full 0):
 Metaspace       used 71793K, committed 72320K, reserved 1114112K
  class space    used 7584K, committed 7808K, reserved 1048576K
}
Event: 8.048 {metaspace After GC invocations=17 (full 0):
 Metaspace       used 71793K, committed 72320K, reserved 1114112K
  class space    used 7584K, committed 7808K, reserved 1048576K
}
Event: 8.468 {metaspace Before GC invocations=17 (full 0):
 Metaspace       used 76379K, committed 76864K, reserved 1179648K
  class space    used 8114K, committed 8320K, reserved 1048576K
}
Event: 8.472 {metaspace After GC invocations=18 (full 0):
 Metaspace       used 76379K, committed 76864K, reserved 1179648K
  class space    used 8114K, committed 8320K, reserved 1048576K
}
Event: 8.883 {metaspace Before GC invocations=18 (full 0):
 Metaspace       used 80350K, committed 80896K, reserved 1179648K
  class space    used 8617K, committed 8896K, reserved 1048576K
}
Event: 8.890 {metaspace After GC invocations=19 (full 0):
 Metaspace       used 80350K, committed 80896K, reserved 1179648K
  class space    used 8617K, committed 8896K, reserved 1048576K
}
Event: 9.229 {metaspace Before GC invocations=20 (full 0):
 Metaspace       used 82062K, committed 82624K, reserved 1179648K
  class space    used 8885K, committed 9152K, reserved 1048576K
}
Event: 9.234 {metaspace After GC invocations=21 (full 0):
 Metaspace       used 82062K, committed 82624K, reserved 1179648K
  class space    used 8885K, committed 9152K, reserved 1048576K
}
Event: 9.583 {metaspace Before GC invocations=21 (full 0):
 Metaspace       used 85044K, committed 85632K, reserved 1179648K
  class space    used 9265K, committed 9536K, reserved 1048576K
}
Event: 9.587 {metaspace After GC invocations=22 (full 0):
 Metaspace       used 85044K, committed 85632K, reserved 1179648K
  class space    used 9265K, committed 9536K, reserved 1048576K
}
Event: 47.493 {metaspace Before GC invocations=22 (full 0):
 Metaspace       used 87910K, committed 88512K, reserved 1179648K
  class space    used 9644K, committed 9856K, reserved 1048576K
}
Event: 47.500 {metaspace After GC invocations=23 (full 0):
 Metaspace       used 87910K, committed 88512K, reserved 1179648K
  class space    used 9644K, committed 9856K, reserved 1048576K
}

Dll operation events (12 events):
Event: 0.137 Loaded shared library C:\Users\HP\.jdks\openjdk-25.0.1\bin\java.dll
Event: 0.139 Loaded shared library C:\Users\HP\.jdks\openjdk-25.0.1\bin\zip.dll
Event: 0.346 Loaded shared library C:\Users\HP\.jdks\openjdk-25.0.1\bin\instrument.dll
Event: 0.420 Loaded shared library C:\Users\HP\.jdks\openjdk-25.0.1\bin\verify.dll
Event: 0.587 Loaded shared library C:\Users\HP\.jdks\openjdk-25.0.1\bin\jimage.dll
Event: 0.748 Loaded shared library C:\Users\HP\.jdks\openjdk-25.0.1\bin\net.dll
Event: 0.749 Loaded shared library C:\Users\HP\.jdks\openjdk-25.0.1\bin\nio.dll
Event: 0.781 Loaded shared library C:\Users\HP\.jdks\openjdk-25.0.1\bin\zip.dll
Event: 1.375 Loaded shared library C:\Users\HP\.jdks\openjdk-25.0.1\bin\management.dll
Event: 1.483 Loaded shared library C:\Users\HP\.jdks\openjdk-25.0.1\bin\management_ext.dll
Event: 1.998 Loaded shared library C:\Users\HP\.jdks\openjdk-25.0.1\bin\extnet.dll
Event: 3.842 Loaded shared library C:\Users\HP\.jdks\openjdk-25.0.1\bin\sunmscapi.dll

Deoptimization events (20 events):
Event: 47.760 Thread 0x000002c7ba2f1b70 DEOPT PACKING pc=0x000002c7a2ff8534 sp=0x000000f0173fc030
Event: 47.760 Thread 0x000002c7ba2f1b70 DEOPT UNPACKING pc=0x000002c7a29c12a2 sp=0x000000f0173fb590 mode 1
Event: 47.760 Thread 0x000002c7ba2f1b70 DEOPT PACKING pc=0x000002c7a2ff8d64 sp=0x000000f0173fc150
Event: 47.760 Thread 0x000002c7ba2f1b70 DEOPT UNPACKING pc=0x000002c7a29c12a2 sp=0x000000f0173fb6a0 mode 1
Event: 47.761 Thread 0x000002c7ba2f1b70 DEOPT PACKING pc=0x000002c7a2ff7904 sp=0x000000f0173fc260
Event: 47.761 Thread 0x000002c7ba2f1b70 DEOPT UNPACKING pc=0x000002c7a29c12a2 sp=0x000000f0173fb7c0 mode 1
Event: 47.763 Thread 0x000002c7ba2f1b70 DEOPT PACKING pc=0x000002c7a2ff8534 sp=0x000000f0173fc020
Event: 47.763 Thread 0x000002c7ba2f1b70 DEOPT UNPACKING pc=0x000002c7a29c12a2 sp=0x000000f0173fb580 mode 1
Event: 47.763 Thread 0x000002c7ba2f1b70 DEOPT PACKING pc=0x000002c7a2ff8d64 sp=0x000000f0173fc140
Event: 47.763 Thread 0x000002c7ba2f1b70 DEOPT UNPACKING pc=0x000002c7a29c12a2 sp=0x000000f0173fb690 mode 1
Event: 47.763 Thread 0x000002c7ba2f1b70 DEOPT PACKING pc=0x000002c7a2ff7904 sp=0x000000f0173fc250
Event: 47.763 Thread 0x000002c7ba2f1b70 DEOPT UNPACKING pc=0x000002c7a29c12a2 sp=0x000000f0173fb7b0 mode 1
Event: 47.764 Thread 0x000002c7ba2f1b70 DEOPT PACKING pc=0x000002c7a2ff8534 sp=0x000000f0173fbb50
Event: 47.764 Thread 0x000002c7ba2f1b70 DEOPT UNPACKING pc=0x000002c7a29c12a2 sp=0x000000f0173fb0b0 mode 1
Event: 47.764 Thread 0x000002c7ba2f1b70 DEOPT PACKING pc=0x000002c7a2ff8d64 sp=0x000000f0173fbc70
Event: 47.764 Thread 0x000002c7ba2f1b70 DEOPT UNPACKING pc=0x000002c7a29c12a2 sp=0x000000f0173fb1c0 mode 1
Event: 47.764 Thread 0x000002c7ba2f1b70 DEOPT PACKING pc=0x000002c7a2ff7904 sp=0x000000f0173fbd80
Event: 47.764 Thread 0x000002c7ba2f1b70 DEOPT UNPACKING pc=0x000002c7a29c12a2 sp=0x000000f0173fb2e0 mode 1
Event: 210.875 Thread 0x000002c7ba2f1b70 DEOPT PACKING pc=0x000002c7a335aa6c sp=0x000000f0173fbae0
Event: 210.875 Thread 0x000002c7ba2f1b70 DEOPT UNPACKING pc=0x000002c7a29c12a2 sp=0x000000f0173faf98 mode 0

Classes loaded (20 events):
Event: 47.899 Loading class org/springframework/ui/ExtendedModelMap
Event: 47.899 Loading class org/springframework/ui/ExtendedModelMap done
Event: 47.899 Loading class org/springframework/web/bind/support/SessionStatus
Event: 47.899 Loading class org/springframework/web/bind/support/SessionStatus done
Event: 47.902 Loading class org/springframework/web/bind/support/SimpleSessionStatus
Event: 47.902 Loading class org/springframework/web/bind/support/SimpleSessionStatus done
Event: 47.902 Loading class org/springframework/web/servlet/support/RequestContextUtils
Event: 47.902 Loading class org/springframework/web/servlet/support/RequestContextUtils done
Event: 47.904 Loading class org/springframework/ui/ModelMap
Event: 47.904 Loading class org/springframework/ui/ModelMap done
Event: 64.120 Loading class com/intellij/rt/debugger/BatchEvaluatorServer
Event: 64.120 Loading class com/intellij/rt/debugger/BatchEvaluatorServer done
Event: 108.643 Loading class com/mongodb/internal/connection/PowerOfTwoBufferPool$BufferPool
Event: 108.643 Loading class com/mongodb/internal/connection/PowerOfTwoBufferPool$BufferPool done
Event: 108.648 Loading class com/mongodb/internal/connection/PowerOfTwoBufferPool$BufferPool
Event: 108.648 Loading class com/mongodb/internal/connection/PowerOfTwoBufferPool$BufferPool done
Event: 108.648 Loading class com/mongodb/internal/connection/PowerOfTwoBufferPool$IdleTrackingByteBuffer
Event: 108.648 Loading class com/mongodb/internal/connection/PowerOfTwoBufferPool$IdleTrackingByteBuffer done
Event: 113.462 Loading class com/mongodb/internal/connection/PowerOfTwoBufferPool$IdleTrackingByteBuffer
Event: 113.462 Loading class com/mongodb/internal/connection/PowerOfTwoBufferPool$IdleTrackingByteBuffer done

Classes unloaded (20 events):
Event: 47.546 Thread 0x000002c7ab068a50 Unloading class 0x000000003e310000 'java/lang/invoke/LambdaForm$DMH+0x000000003e310000'
Event: 47.546 Thread 0x000002c7ab068a50 Unloading class 0x000000003e260000 'java/lang/invoke/LambdaForm$MH+0x000000003e260000'
Event: 47.546 Thread 0x000002c7ab068a50 Unloading class 0x000000003e1ba000 'java/lang/invoke/LambdaForm$MH+0x000000003e1ba000'
Event: 47.546 Thread 0x000002c7ab068a50 Unloading class 0x000000003e1b9c00 'java/lang/invoke/LambdaForm$MH+0x000000003e1b9c00'
Event: 47.546 Thread 0x000002c7ab068a50 Unloading class 0x000000003e1a9400 'java/lang/invoke/LambdaForm$MH+0x000000003e1a9400'
Event: 47.546 Thread 0x000002c7ab068a50 Unloading class 0x000000003e1a9000 'java/lang/invoke/LambdaForm$MH+0x000000003e1a9000'
Event: 47.546 Thread 0x000002c7ab068a50 Unloading class 0x000000003e198000 'java/lang/invoke/LambdaForm$DMH+0x000000003e198000'
Event: 47.546 Thread 0x000002c7ab068a50 Unloading class 0x000000003e134c00 'java/lang/invoke/LambdaForm$MH+0x000000003e134c00'
Event: 47.546 Thread 0x000002c7ab068a50 Unloading class 0x000000003e134800 'java/lang/invoke/LambdaForm$MH+0x000000003e134800'
Event: 47.546 Thread 0x000002c7ab068a50 Unloading class 0x000000003e128c00 'java/lang/invoke/LambdaForm$MH+0x000000003e128c00'
Event: 47.546 Thread 0x000002c7ab068a50 Unloading class 0x000000003e10cc00 'java/lang/invoke/LambdaForm$BMH+0x000000003e10cc00'
Event: 47.546 Thread 0x000002c7ab068a50 Unloading class 0x000000003e100400 'java/lang/invoke/LambdaForm$MH+0x000000003e100400'
Event: 47.546 Thread 0x000002c7ab068a50 Unloading class 0x000000003e0c3c00 'java/lang/invoke/LambdaForm$DMH+0x000000003e0c3c00'
Event: 47.546 Thread 0x000002c7ab068a50 Unloading class 0x000000003e0c3400 'java/lang/invoke/LambdaForm$DMH+0x000000003e0c3400'
Event: 47.546 Thread 0x000002c7ab068a50 Unloading class 0x000000003e0c2800 'java/lang/invoke/LambdaForm$DMH+0x000000003e0c2800'
Event: 47.546 Thread 0x000002c7ab068a50 Unloading class 0x000000003e0c2400 'java/lang/invoke/LambdaForm$DMH+0x000000003e0c2400'
Event: 47.546 Thread 0x000002c7ab068a50 Unloading class 0x000000003e041800 'java/lang/invoke/LambdaForm$MH+0x000000003e041800'
Event: 47.546 Thread 0x000002c7ab068a50 Unloading class 0x000000003e041400 'java/lang/invoke/LambdaForm$MH+0x000000003e041400'
Event: 47.546 Thread 0x000002c7ab068a50 Unloading class 0x000000003e041000 'java/lang/invoke/LambdaForm$MH+0x000000003e041000'
Event: 47.546 Thread 0x000002c7ab068a50 Unloading class 0x000000003e040800 'java/lang/invoke/LambdaForm$MH+0x000000003e040800'

Classes redefined (2 events):
Event: 0.441 Thread 0x000002c7ab068a50 redefined class name=java.lang.Throwable, count=1
Event: 233.994 Thread 0x000002c7ab068a50 redefined class name=in.maisonnoir.backend.api.account.service.impl.UserServiceImpl, count=1

Internal exceptions (20 events):
Event: 8.559 Thread 0x000002c7b5075880 Exception <a 'java/lang/NoSuchMethodError'{0x0000000088a17580}: 'void java.lang.invoke.DirectMethodHandle$Holder.invokeStatic(java.lang.Object, java.lang.Object, long)'> (0x0000000088a17580) 
thrown [s\open\src\hotspot\share\interpreter\linkResolver.cpp, line 804]
Event: 8.609 Thread 0x000002c7b0f59940 Exception <a 'java/lang/NoSuchMethodError'{0x0000000088797188}: 'java.lang.Object java.lang.invoke.DirectMethodHandle$Holder.newInvokeSpecial(java.lang.Object, java.lang.Object, java.lang.Object, int, int)'> (0x0000000088797188) 
thrown [s\open\src\hotspot\share\interpreter\linkResolver.cpp, line 804]
Event: 9.025 Thread 0x000002c7b0f59940 Exception <a 'java/lang/NoSuchMethodError'{0x0000000088859278}: 'java.lang.Object java.lang.invoke.DirectMethodHandle$Holder.newInvokeSpecial(java.lang.Object, java.lang.Object, java.lang.Object, java.lang.Object, java.lang.Object, java.lang.Object, java.lang.Object, java.lang.Object)'> (0x0000000088859278) 
thrown [s\open\src\hotspot\share\interpreter\linkResolver.cpp, line 804]
Event: 9.051 Thread 0x000002c7b0f59940 Exception <a 'java/io/IOException'{0x0000000088673b70}> (0x0000000088673b70) 
thrown [s\open\src\hotspot\share\prims\jni.cpp, line 516]
Event: 9.198 Thread 0x000002c7b0f59940 Exception <a 'java/lang/IncompatibleClassChangeError'{0x0000000087caeae8}: Found class java.lang.Object, but interface was expected> (0x0000000087caeae8) 
thrown [s\open\src\hotspot\share\interpreter\linkResolver.cpp, line 871]
Event: 9.350 Thread 0x000002c7b0f59940 Exception <a 'java/lang/NoSuchMethodError'{0x0000000088a92338}: 'java.lang.Object java.lang.invoke.DirectMethodHandle$Holder.invokeInterface(java.lang.Object, java.lang.Object, java.lang.Object, java.lang.Object)'> (0x0000000088a92338) 
thrown [s\open\src\hotspot\share\interpreter\linkResolver.cpp, line 804]
Event: 9.412 Thread 0x000002c7b0f59940 Exception <a 'java/lang/NoSuchMethodError'{0x00000000886d3ab8}: 'int java.lang.invoke.DirectMethodHandle$Holder.invokeStaticInit(java.lang.Object, java.lang.Object, java.lang.Object, java.lang.Object)'> (0x00000000886d3ab8) 
thrown [s\open\src\hotspot\share\interpreter\linkResolver.cpp, line 804]
Event: 9.452 Thread 0x000002c7b0f59940 Exception <a 'java/lang/IncompatibleClassChangeError'{0x00000000884dc4c8}: Found class java.lang.Object, but interface was expected> (0x00000000884dc4c8) 
thrown [s\open\src\hotspot\share\interpreter\linkResolver.cpp, line 871]
Event: 9.547 Thread 0x000002c7b0f59940 Exception <a 'java/lang/NoSuchMethodError'{0x0000000087d595b0}: 'java.lang.Object java.lang.invoke.DirectMethodHandle$Holder.newInvokeSpecial(java.lang.Object, java.lang.Object, int, java.lang.Object, java.lang.Object)'> (0x0000000087d595b0) 
thrown [s\open\src\hotspot\share\interpreter\linkResolver.cpp, line 804]
Event: 47.125 Thread 0x000002c7bac78290 Exception <a 'java/lang/NoSuchMethodError'{0x0000000088b19f70}: 'java.lang.Object java.lang.invoke.DirectMethodHandle$Holder.invokeStatic(java.lang.Object, java.lang.Object, java.lang.Object, int, int)'> (0x0000000088b19f70) 
thrown [s\open\src\hotspot\share\interpreter\linkResolver.cpp, line 804]
Event: 47.126 Thread 0x000002c7bac78290 Exception <a 'java/lang/NoSuchMethodError'{0x0000000088b1e028}: 'java.lang.Object java.lang.invoke.DirectMethodHandle$Holder.invokeStaticInit(java.lang.Object, java.lang.Object, java.lang.Object, int, int)'> (0x0000000088b1e028) 
thrown [s\open\src\hotspot\share\interpreter\linkResolver.cpp, line 804]
Event: 47.178 Thread 0x000002c7ba2f1b70 Exception <a 'java/lang/NoSuchMethodError'{0x0000000088a76a00}: 'java.lang.Object java.lang.invoke.DirectMethodHandle$Holder.invokeSpecial(java.lang.Object, java.lang.Object, java.lang.Object, java.lang.Object, java.lang.Object, long)'> (0x0000000088a76a00) 
thrown [s\open\src\hotspot\share\interpreter\linkResolver.cpp, line 804]
Event: 47.179 Thread 0x000002c7ba2f1b70 Exception <a 'java/lang/NoSuchMethodError'{0x0000000088a7f3c8}: 'java.lang.Object java.lang.invoke.DirectMethodHandle$Holder.invokeSpecial(java.lang.Object, java.lang.Object, java.lang.Object, java.lang.Object, java.lang.Object, java.lang.Object, long)'> (0x0000000088a7f3c8) 
thrown [s\open\src\hotspot\share\interpreter\linkResolver.cpp, line 804]
Event: 47.179 Thread 0x000002c7ba2f1b70 Exception <a 'java/lang/NoSuchMethodError'{0x0000000088a877e0}: 'java.lang.Object java.lang.invoke.DelegatingMethodHandle$Holder.reinvoke_L(java.lang.Object, java.lang.Object, java.lang.Object, java.lang.Object, java.lang.Object, long)'> (0x0000000088a877e0) 
thrown [s\open\src\hotspot\share\interpreter\linkResolver.cpp, line 804]
Event: 47.180 Thread 0x000002c7ba2f1b70 Exception <a 'java/lang/NoSuchMethodError'{0x0000000088a97ce8}: 'java.lang.Object java.lang.invoke.Invokers$Holder.linkToTargetMethod(java.lang.Object, java.lang.Object, java.lang.Object, long, java.lang.Object)'> (0x0000000088a97ce8) 
thrown [s\open\src\hotspot\share\interpreter\linkResolver.cpp, line 804]
Event: 47.491 Thread 0x000002c7ba2f1b70 Exception <a 'java/lang/NoSuchMethodError'{0x0000000087d21f78}: 'java.lang.Object java.lang.invoke.DirectMethodHandle$Holder.invokeStatic(java.lang.Object, java.lang.Object, java.lang.Object, java.lang.Object, java.lang.Object, java.lang.Object, java.lang.Object, java.lang.Object, java.lang.Object, java.lang.Object, java.lang.Object)'> (0x0000000087d21f78) 
thrown [s\open\src\hotspot\share\interpreter\linkResolver.cpp, line 804]
Event: 47.575 Thread 0x000002c7ba2f1b70 Exception <a 'java/lang/NoSuchMethodError'{0x000000008ae50190}: 'void java.lang.invoke.DirectMethodHandle$Holder.invokeSpecialIFC(java.lang.Object, java.lang.Object, int, java.lang.Object, java.lang.Object, java.lang.Object, java.lang.Object)'> (0x000000008ae50190) 
thrown [s\open\src\hotspot\share\interpreter\linkResolver.cpp, line 804]
Event: 47.734 Thread 0x000002c7ba2f1b70 Exception <a 'java/lang/IncompatibleClassChangeError'{0x000000008ac93248}: Found class java.lang.Object, but interface was expected> (0x000000008ac93248) 
thrown [s\open\src\hotspot\share\interpreter\linkResolver.cpp, line 871]
Event: 114.177 Thread 0x000002c7b506db80 Exception <a 'java/lang/NoSuchMethodError'{0x0000000088bddf60}: 'java.lang.Object java.lang.invoke.DirectMethodHandle$Holder.newInvokeSpecial(java.lang.Object, java.lang.Object, long)'> (0x0000000088bddf60) 
thrown [s\open\src\hotspot\share\interpreter\linkResolver.cpp, line 804]
Event: 115.483 Thread 0x000002c7b506db80 Exception <a 'java/lang/NoSuchMethodError'{0x0000000088be5ef8}: 'java.lang.Object java.lang.invoke.Invokers$Holder.linkToTargetMethod(java.lang.Object, long, java.lang.Object)'> (0x0000000088be5ef8) 
thrown [s\open\src\hotspot\share\interpreter\linkResolver.cpp, line 804]

VM Operations (20 events):
Event: 211.552 Executing safepoint VM operation: get/set locals
Event: 211.552 Executing safepoint VM operation: get/set locals done
Event: 211.592 Executing safepoint VM operation: get/set locals
Event: 211.592 Executing safepoint VM operation: get/set locals done
Event: 211.592 Executing safepoint VM operation: get/set locals
Event: 211.592 Executing safepoint VM operation: get/set locals done
Event: 211.595 Executing safepoint VM operation: get/set locals
Event: 211.595 Executing safepoint VM operation: get/set locals done
Event: 233.615 Executing safepoint VM operation: ChangeBreakpoints
Event: 233.615 Executing safepoint VM operation: ChangeBreakpoints done
Event: 233.982 Executing safepoint VM operation: RedefineClasses
Event: 234.019 Executing safepoint VM operation: RedefineClasses done
Event: 234.066 Executing safepoint VM operation: ChangeBreakpoints
Event: 234.085 Executing safepoint VM operation: ChangeBreakpoints done
Event: 234.093 Executing safepoint VM operation: get/set locals
Event: 234.093 Executing safepoint VM operation: get/set locals done
Event: 234.094 Executing safepoint VM operation: get/set locals
Event: 234.094 Executing safepoint VM operation: get/set locals done
Event: 234.095 Executing safepoint VM operation: get/set locals
Event: 234.095 Executing safepoint VM operation: get/set locals done

Memory protections (0 events):
No events

Nmethod flushes (20 events):
Event: 47.564 Thread 0x000002c7ab068a50 flushing  nmethod 0x000002c7a3112e08
Event: 47.564 Thread 0x000002c7ab068a50 flushing  nmethod 0x000002c7a33fa008
Event: 47.564 Thread 0x000002c7ab068a50 flushing  nmethod 0x000002c7a33fa808
Event: 47.564 Thread 0x000002c7ab068a50 flushing  nmethod 0x000002c7a33fab08
Event: 47.564 Thread 0x000002c7ab068a50 flushing  nmethod 0x000002c7a33fbe08
Event: 47.564 Thread 0x000002c7ab068a50 flushing  nmethod 0x000002c7a3073488
Event: 47.564 Thread 0x000002c7ab068a50 flushing  nmethod 0x000002c7a3073788
Event: 47.564 Thread 0x000002c7ab068a50 flushing  nmethod 0x000002c7a33eed88
Event: 47.564 Thread 0x000002c7ab068a50 flushing  nmethod 0x000002c7a33f0588
Event: 47.564 Thread 0x000002c7ab068a50 flushing  nmethod 0x000002c7a3182688
Event: 47.564 Thread 0x000002c7ab068a50 flushing  nmethod 0x000002c7a30bcc08
Event: 47.564 Thread 0x000002c7ab068a50 flushing  nmethod 0x000002c7a3269d08
Event: 47.564 Thread 0x000002c7ab068a50 flushing  nmethod 0x000002c7a326bf88
Event: 47.564 Thread 0x000002c7ab068a50 flushing  nmethod 0x000002c7a2d25308
Event: 47.564 Thread 0x000002c7ab068a50 flushing  nmethod 0x000002c7a2d7e488
Event: 47.564 Thread 0x000002c7ab068a50 flushing  nmethod 0x000002c7a3055708
Event: 47.564 Thread 0x000002c7ab068a50 flushing  nmethod 0x000002c7a3303e08
Event: 47.564 Thread 0x000002c7ab068a50 flushing  nmethod 0x000002c7a33eb988
Event: 47.564 Thread 0x000002c7ab068a50 flushing  nmethod 0x000002c7a33eca08
Event: 47.564 Thread 0x000002c7ab068a50 flushing  nmethod 0x000002c7a3118808

Events (20 events):
Event: 10.686 Thread 0x000002c7ab2cf910 Thread exited: 0x000002c7ab2cf910
Event: 11.159 Thread 0x000002c7b0f59940 Thread exited: 0x000002c7b0f59940
Event: 11.173 Thread 0x000002c7b0f5b0b0 Thread exited: 0x000002c7b0f5b0b0
Event: 11.173 Thread 0x000002c7994ab8a0 Thread exited: 0x000002c7994ab8a0
Event: 11.173 Thread 0x000002c7bac76350 Thread added: 0x000002c7bac76350
Event: 12.589 Thread 0x000002c7b472c910 Thread exited: 0x000002c7b472c910
Event: 12.744 Thread 0x000002c7ab10af10 Thread exited: 0x000002c7ab10af10
Event: 18.566 Thread 0x000002c7ab094ae0 Thread added: 0x000002c7baa7f660
Event: 23.648 Thread 0x000002c7baa7f660 Thread exited: 0x000002c7baa7f660
Event: 47.688 Thread 0x000002c7ab094ae0 Thread added: 0x000002c7baa7ee50
Event: 47.688 Thread 0x000002c7ab094ae0 Thread added: 0x000002c7baa85720
Event: 47.688 Thread 0x000002c7ab094ae0 Thread added: 0x000002c7baa84f10
Event: 52.899 Thread 0x000002c7baa84f10 Thread exited: 0x000002c7baa84f10
Event: 57.899 Thread 0x000002c7baa85720 Thread exited: 0x000002c7baa85720
Event: 57.899 Thread 0x000002c7baa7ee50 Thread exited: 0x000002c7baa7ee50
Event: 114.176 Thread 0x000002c7ab094ae0 Thread added: 0x000002c7baa7ee50
Event: 115.480 Thread 0x000002c7baa7ee50 Thread exited: 0x000002c7baa7ee50
Event: 240.848 Thread 0x000002c7ab094ae0 Thread added: 0x000002c7baa7ee50
Event: 240.848 Thread 0x000002c7ab094ae0 Thread added: 0x000002c7baa83ef0
Event: 240.849 Thread 0x000002c7ab094ae0 Thread added: 0x000002c7baa84f10


Dynamic libraries:
0x00007ff670080000 - 0x00007ff67008e000 	C:\Users\HP\.jdks\openjdk-25.0.1\bin\java.exe
0x00007ff87cb80000 - 0x00007ff87cde7000 	C:\WINDOWS\SYSTEM32\ntdll.dll
0x00007ff87bd80000 - 0x00007ff87be49000 	C:\WINDOWS\System32\KERNEL32.DLL
0x00007ff87a1b0000 - 0x00007ff87a59f000 	C:\WINDOWS\System32\KERNELBASE.dll
0x00007ff87a660000 - 0x00007ff87a7ab000 	C:\WINDOWS\System32\ucrtbase.dll
0x00007ff860ba0000 - 0x00007ff860bbe000 	C:\Users\HP\.jdks\openjdk-25.0.1\bin\VCRUNTIME140.dll
0x00007ff8766e0000 - 0x00007ff8766f7000 	C:\Users\HP\.jdks\openjdk-25.0.1\bin\jli.dll
0x00007ff87c7b0000 - 0x00007ff87c975000 	C:\WINDOWS\System32\USER32.dll
0x00007ff85df10000 - 0x00007ff85e1a3000 	C:\WINDOWS\WinSxS\amd64_microsoft.windows.common-controls_6595b64144ccf1df_6.0.26100.7309_none_3e05feeae336a044\COMCTL32.dll
0x00007ff879f90000 - 0x00007ff879fb7000 	C:\WINDOWS\System32\win32u.dll
0x00007ff87bcd0000 - 0x00007ff87bd79000 	C:\WINDOWS\System32\msvcrt.dll
0x00007ff87c480000 - 0x00007ff87c4ab000 	C:\WINDOWS\System32\GDI32.dll
0x00007ff87a080000 - 0x00007ff87a1ac000 	C:\WINDOWS\System32\gdi32full.dll
0x00007ff87a5b0000 - 0x00007ff87a653000 	C:\WINDOWS\System32\msvcp_win.dll
0x00007ff87ab00000 - 0x00007ff87ab31000 	C:\WINDOWS\System32\IMM32.DLL
0x00007ff865480000 - 0x00007ff86548c000 	C:\Users\HP\.jdks\openjdk-25.0.1\bin\vcruntime140_1.dll
0x00007ff859070000 - 0x00007ff8590fd000 	C:\Users\HP\.jdks\openjdk-25.0.1\bin\msvcp140.dll
0x00007ffff0ca0000 - 0x00007ffff1aff000 	C:\Users\HP\.jdks\openjdk-25.0.1\bin\server\jvm.dll
0x00007ff87b330000 - 0x00007ff87b3e4000 	C:\WINDOWS\System32\ADVAPI32.dll
0x00007ff87aa20000 - 0x00007ff87aac6000 	C:\WINDOWS\System32\sechost.dll
0x00007ff87afd0000 - 0x00007ff87b0e8000 	C:\WINDOWS\System32\RPCRT4.dll
0x00007ff87cac0000 - 0x00007ff87cb34000 	C:\WINDOWS\System32\WS2_32.dll
0x00007ff879b50000 - 0x00007ff879bae000 	C:\WINDOWS\SYSTEM32\POWRPROF.dll
0x00007ff86c960000 - 0x00007ff86c995000 	C:\WINDOWS\SYSTEM32\WINMM.dll
0x00007ff867fe0000 - 0x00007ff867feb000 	C:\WINDOWS\SYSTEM32\VERSION.dll
0x00007ff879b30000 - 0x00007ff879b44000 	C:\WINDOWS\SYSTEM32\UMPDC.dll
0x00007ff878a40000 - 0x00007ff878a5b000 	C:\WINDOWS\SYSTEM32\kernel.appcore.dll
0x00007ff860b90000 - 0x00007ff860b9a000 	C:\Users\HP\.jdks\openjdk-25.0.1\bin\jimage.dll
0x00007ff8774b0000 - 0x00007ff8776f2000 	C:\WINDOWS\SYSTEM32\DBGHELP.DLL
0x00007ff87c0d0000 - 0x00007ff87c456000 	C:\WINDOWS\System32\combase.dll
0x00007ff87c4c0000 - 0x00007ff87c596000 	C:\WINDOWS\System32\OLEAUT32.dll
0x00007ff866fe0000 - 0x00007ff86701c000 	C:\WINDOWS\SYSTEM32\dbgcore.DLL
0x00007ff879ee0000 - 0x00007ff879f85000 	C:\WINDOWS\System32\bcryptPrimitives.dll
0x00007ff85e880000 - 0x00007ff85e8bd000 	C:\Users\HP\.jdks\openjdk-25.0.1\bin\jdwp.dll
0x00007ff860840000 - 0x00007ff860850000 	C:\Users\HP\.jdks\openjdk-25.0.1\bin\instrument.dll
0x00007ff860a90000 - 0x00007ff860aaf000 	C:\Users\HP\.jdks\openjdk-25.0.1\bin\java.dll
0x00007ff87c610000 - 0x00007ff87c7a7000 	C:\WINDOWS\System32\ole32.dll
0x00007ff87b3f0000 - 0x00007ff87bb43000 	C:\WINDOWS\System32\SHELL32.dll
0x00007ff87a7b0000 - 0x00007ff87a91a000 	C:\WINDOWS\System32\wintypes.dll
0x00007ffff0870000 - 0x00007ffff0aa9000 	C:\Users\HP\AppData\Local\Temp\idea_libasyncProfiler_dll_temp_folder1\libasyncProfiler.dll
0x00007ff8608a0000 - 0x00007ff8608b7000 	C:\Users\HP\.jdks\openjdk-25.0.1\bin\zip.dll
0x00007ff877700000 - 0x00007ff877f5e000 	C:\WINDOWS\SYSTEM32\windows.storage.dll
0x00007ff87a920000 - 0x00007ff87aa15000 	C:\WINDOWS\System32\SHCORE.dll
0x00007ff87c060000 - 0x00007ff87c0c6000 	C:\WINDOWS\System32\shlwapi.dll
0x00007ff879bf0000 - 0x00007ff879c19000 	C:\WINDOWS\SYSTEM32\profapi.dll
0x00007ff860830000 - 0x00007ff86083c000 	C:\Users\HP\.jdks\openjdk-25.0.1\bin\dt_socket.dll
0x00007ff8783d0000 - 0x00007ff878404000 	C:\WINDOWS\SYSTEM32\IPHLPAPI.DLL
0x00007ff878fa0000 - 0x00007ff87900b000 	C:\WINDOWS\system32\mswsock.dll
0x00007ff85fac0000 - 0x00007ff85fad0000 	C:\Users\HP\.jdks\openjdk-25.0.1\bin\verify.dll
0x00007ff8609f0000 - 0x00007ff860a02000 	C:\Users\HP\.jdks\openjdk-25.0.1\bin\net.dll
0x00007ff8608c0000 - 0x00007ff8608d6000 	C:\Users\HP\.jdks\openjdk-25.0.1\bin\nio.dll
0x00007ff878410000 - 0x00007ff87853c000 	C:\WINDOWS\SYSTEM32\DNSAPI.dll
0x00007ff87b0f0000 - 0x00007ff87b0fa000 	C:\WINDOWS\System32\NSI.dll
0x00007ff8729d0000 - 0x00007ff8729db000 	C:\Windows\System32\rasadhlp.dll
0x00007ff874470000 - 0x00007ff8744f6000 	C:\WINDOWS\System32\fwpuclnt.dll
0x00007ff860860000 - 0x00007ff86086a000 	C:\Users\HP\.jdks\openjdk-25.0.1\bin\management.dll
0x00007ff860850000 - 0x00007ff86085c000 	C:\Users\HP\.jdks\openjdk-25.0.1\bin\management_ext.dll
0x00007ff87be50000 - 0x00007ff87be58000 	C:\WINDOWS\System32\PSAPI.DLL
0x00007ff879230000 - 0x00007ff87924b000 	C:\WINDOWS\SYSTEM32\CRYPTSP.dll
0x00007ff8789a0000 - 0x00007ff8789da000 	C:\WINDOWS\system32\rsaenh.dll
0x00007ff879050000 - 0x00007ff87907b000 	C:\WINDOWS\SYSTEM32\USERENV.dll
0x00007ff879bc0000 - 0x00007ff879bea000 	C:\WINDOWS\SYSTEM32\bcrypt.dll
0x00007ff879250000 - 0x00007ff87925c000 	C:\WINDOWS\SYSTEM32\CRYPTBASE.dll
0x00007ff865510000 - 0x00007ff865528000 	C:\WINDOWS\system32\napinsp.dll
0x00007ff8653c0000 - 0x00007ff8653d2000 	C:\WINDOWS\System32\winrnr.dll
0x00007ff865340000 - 0x00007ff865362000 	C:\WINDOWS\system32\nlansp_c.dll
0x00007ff872660000 - 0x00007ff872676000 	C:\WINDOWS\system32\wshbth.dll
0x00007ff860870000 - 0x00007ff860879000 	C:\Users\HP\.jdks\openjdk-25.0.1\bin\extnet.dll
0x00007ff860b80000 - 0x00007ff860b8e000 	C:\Users\HP\.jdks\openjdk-25.0.1\bin\sunmscapi.dll
0x00007ff879d60000 - 0x00007ff879ed7000 	C:\WINDOWS\System32\CRYPT32.dll
0x00007ff8794d0000 - 0x00007ff879500000 	C:\WINDOWS\SYSTEM32\ncrypt.dll
0x00007ff879480000 - 0x00007ff8794bf000 	C:\WINDOWS\SYSTEM32\NTASN1.dll
0x00007ff85d200000 - 0x00007ff85d208000 	C:\WINDOWS\system32\wshunix.dll

JVMTI agents:
jdwp path:C:\Users\HP\.jdks\openjdk-25.0.1\bin\jdwp.dll, loaded, initialized, options:transport=dt_socket,address=127.0.0.1:55599,suspend=y,server=n
C:\Users\HP\AppData\Local\JetBrains\IntelliJIdea2025.3\captureAgent\debugger-agent.jar path:C:\Users\HP\.jdks\openjdk-25.0.1\bin\instrument.dll, loaded, initialized, instrumentlib options:file:///C:/Users/HP/AppData/Local/Temp/capture14101347039010489682.props
C:\Users\HP\AppData\Local\Temp\idea_libasyncProfiler_dll_temp_folder1\libasyncProfiler.dll path:C:\Users\HP\AppData\Local\Temp\idea_libasyncProfiler_dll_temp_folder1\libasyncProfiler.dll, loaded, initialized, options:version,jfr,event=wall,interval=10ms,cstack=no,file=C:\Users\HP\IdeaSnapshots\MaisonNoirApplication_2026_01_31_190425.jfr,dbghelppath=C:\Users\HP\AppData\Local\Temp\idea_dbghelp_dll_temp_folder\dbghelp.dll,log=C:\Users\HP\AppData\Local\Temp\MaisonNoirApplication_2026_01_31_190425.jfr.log.txt,logLevel=DEBUG

dbghelp: loaded successfully - version: 4.0.5 - missing functions: none
symbol engine: initialized successfully - sym options: 0x614 - pdb path: .;C:\Users\HP\.jdks\openjdk-25.0.1\bin;C:\WINDOWS\SYSTEM32;C:\WINDOWS\WinSxS\amd64_microsoft.windows.common-controls_6595b64144ccf1df_6.0.26100.7309_none_3e05feeae336a044;C:\Users\HP\.jdks\openjdk-25.0.1\bin\server;C:\Users\HP\AppData\Local\Temp\idea_libasyncProfiler_dll_temp_folder1

VM Arguments:
jvm_args: -agentlib:jdwp=transport=dt_socket,address=127.0.0.1:55599,suspend=y,server=n -javaagent:C:\Users\HP\AppData\Local\JetBrains\IntelliJIdea2025.3\captureAgent\debugger-agent.jar=file:///C:/Users/HP/AppData/Local/Temp/capture14101347039010489682.props -agentpath:C:\Users\HP\AppData\Local\Temp\idea_libasyncProfiler_dll_temp_folder1\libasyncProfiler.dll=version,jfr,event=wall,interval=10ms,cstack=no,file=C:\Users\HP\IdeaSnapshots\MaisonNoirApplication_2026_01_31_190425.jfr,dbghelppath=C:\Users\HP\AppData\Local\Temp\idea_dbghelp_dll_temp_folder\dbghelp.dll,log=C:\Users\HP\AppData\Local\Temp\MaisonNoirApplication_2026_01_31_190425.jfr.log.txt,logLevel=DEBUG -XX:TieredStopAtLevel=1 -Dspring.output.ansi.enabled=always -Dcom.sun.management.jmxremote -Dspring.jmx.enabled=true -Dspring.liveBeansView.mbeanDomain -Dspring.application.admin.enabled=true -Dmanagement.endpoints.jmx.exposure.include=* -Dkotlinx.coroutines.debug.enable.creation.stack.trace=false -Ddebugger.agent.enable.coroutines=true -Dkotlinx.coroutines.debug.enable.flows.stack.trace=true -Dkotlinx.coroutines.debug.enable.mutable.state.flows.stack.trace=true -Ddebugger.async.stack.trace.for.all.threads=true -Dfile.encoding=UTF-8 -Dsun.stdout.encoding=UTF-8 -Dsun.stderr.encoding=UTF-8 
java_command: in.maisonnoir.backend.MaisonNoirApplication
java_class_path (initial): D:\swapnil\projects\maison-noir\Backend\MaisonNoir\target\classes;C:\Users\HP\.m2\repository\org\springframework\boot\spring-boot-starter-data-jpa\3.5.7\spring-boot-starter-data-jpa-3.5.7.jar;C:\Users\HP\.m2\repository\org\springframework\boot\spring-boot-starter\3.5.7\spring-boot-starter-3.5.7.jar;C:\Users\HP\.m2\repository\org\springframework\boot\spring-boot-starter-logging\3.5.7\spring-boot-starter-logging-3.5.7.jar;C:\Users\HP\.m2\repository\ch\qos\logback\logback-classic\1.5.20\logback-classic-1.5.20.jar;C:\Users\HP\.m2\repository\ch\qos\logback\logback-core\1.5.20\logback-core-1.5.20.jar;C:\Users\HP\.m2\repository\org\apache\logging\log4j\log4j-to-slf4j\2.24.3\log4j-to-slf4j-2.24.3.jar;C:\Users\HP\.m2\repository\org\apache\logging\log4j\log4j-api\2.24.3\log4j-api-2.24.3.jar;C:\Users\HP\.m2\repository\org\slf4j\jul-to-slf4j\2.0.17\jul-to-slf4j-2.0.17.jar;C:\Users\HP\.m2\repository\jakarta\annotation\jakarta.annotation-api\2.1.1\jakarta.annotation-api-2.1.1.jar;C:\Users\HP\.m2\repository\org\yaml\snakeyaml\2.4\snakeyaml-2.4.jar;C:\Users\HP\.m2\repository\org\springframework\boot\spring-boot-starter-jdbc\3.5.7\spring-boot-starter-jdbc-3.5.7.jar;C:\Users\HP\.m2\repository\com\zaxxer\HikariCP\6.3.3\HikariCP-6.3.3.jar;C:\Users\HP\.m2\repository\org\springframework\spring-jdbc\6.2.12\spring-jdbc-6.2.12.jar;C:\Users\HP\.m2\repository\org\hibernate\orm\hibernate-core\6.6.33.Final\hibernate-core-6.6.33.Final.jar;C:\Users\HP\.m2\repository\jakarta\persistence\jakarta.persistence-api\3.1.0\jakarta.persistence-api-3.1.0.jar;C:\Users\HP\.m2\repository\jakarta\transaction\jakarta.transaction-api\2.0.1\jakarta.transaction-api-2.0.1.jar;C:\Users\HP\.m2\repository\org\jboss\logging\jboss-logging\3.6.1.Final\jboss-logging-3.6.1.Final.jar;C:\Users\HP\.m2\repository\org\hibernate\common\hibernate-commons-annotations\7.0.3.Final\hibernate-commons-annotations-7.0.3.Final.jar;C:\Users\HP\.m2\repository\io\smallrye\jandex\3.2.0\jandex-3.2.0.jar;C:\Users\HP\.m2\repository\com\fasterxml\classmate\1.7.1\classmate-1.7.1.jar;C:\Users\HP\.m2\repository\net\bytebuddy\byte-buddy\1.17.8\byte-buddy-1.17.8.jar;C:\Users\HP\.m2\repository\org\glassfish\jaxb\jaxb-runtime\4.0.6\jaxb-runtime-4.0.6.jar;C:\Users\HP\.m2\repository\org\glassfish\jaxb\jaxb-core\4.0.6\jaxb-core-4.0.6.jar;C:\Users\HP\.m2\repository\org\eclipse\angus\angus-activation\2.0.3\angus-activation-2.0.3.jar;C:\Users\HP\.m2\repository\org\glassfish\jaxb\txw2\4.0.6\txw2-4.0.6.jar;C:\Users\HP\.m2\repository\com\sun\istack\istack-commons-runtime\4.1.2\istack-commons-runtime-4.1.2.jar;C:\Users\HP\.m2\repository\jakarta\inject\jakarta.inject-api\2.0.1\jakarta.inject-api-2.0.1.jar;C:\Users\HP\.m2\repository\org\antlr\antlr4-runtime\4.13.0\antlr4-runtime-4.13.0.jar;C:\Users\HP\.m2\repository\org\springframework\data\spring-data-jpa\3.5.5\spring-data-jpa-3.5.5.jar;C:\Users\HP\.m2\repository\org\springframework\data\spring-data-commons\3.5.5\spring-data-commons-3.5.5.jar;C:\Users\HP\.m2\repository\org\springframework\spring-orm\6.2.12\spring-orm-6.2.12.jar;C:\Users\HP\.m2\repository\org\springframework\spring-context\6.2.12\spring-context-6.2.12.jar;C:\Users\HP\.m2\repository\org\springframework\spring-tx\6.2.12\spring-tx-6.2.12.jar;C:\Users\HP\.m2\repository\org\springframework\spring-beans\6.2.12\spring-beans-6.2.12.jar;C:\Users\HP\.m2\repository\org\slf4j\slf4j-api\2.0.17\slf4j-api-2.0.17.jar;C:\Users\HP\.m2\repository\org\springframework\spring-aspects\6.2.12\spring-aspects-6.2.12.jar;C:\Users\HP\.m2\repository\org\aspectj\aspectjweaver\1.9.24\aspectjweaver-1.9.24.jar;C:\Users\HP\.m2\repository\org\springframework\boot\spring-boot-starter-data-mongodb\3.5.7\spring-boot-starter-data-mongodb-3.5.7.jar;C:\Users\HP\.m2\repository\org\mongodb\mongodb-driver-sync\5.5.2\mongodb-driver-sync-5.5.2.jar;C:\Users\HP\.m2\repository\org\mongodb\bson\5.5.2\bson-5.5.2.jar;C:\Users\HP\.m2\repository\org\mongodb\mongodb-driver-core\5.5.2\mongodb-driver-core-5.5.2.jar;C:\Users\HP\.m2\repository\org\mongodb\bson-record-codec\5.5.2\bson-record-codec-5.5.2.jar;C:\Users\HP\.m2\repository\org\springframework\data\spring-data-mongodb\4.5.5\spring-data-mongodb-4.5.5.jar;C:\Users\HP\.m2\repository\org\springframework\spring-expression\6.2.12\spring-expression-6.2.12.jar;C:\Users\HP\.m2\repository\org\springframework\boot\spring-boot-starter-security\3.5.7\spring-boot-starter-security-3.5.7.jar;C:\Users\HP\.m2\repository\org\springframework\spring-aop\6.2.12\spring-aop-6.2.12.jar;C:\Users\HP\.m2\repository\org\springframework\security\spring-security-config\6.5.6\spring-security-config-6.5.6.jar;C:\Users\HP\.m2\repository\org\springframework\security\spring-security-web\6.5.6\spring-security-web-6.5.6.jar;C:\Users\HP\.m2\repository\org\springframework\boot\spring-boot-starter-validation\3.5.7\spring-boot-starter-validation-3.5.7.jar;C:\Users\HP\.m2\repository\org\apache\tomcat\embed\tomcat-embed-el\10.1.48\tomcat-embed-el-10.1.48.jar;C:\Users\HP\.m2\repository\org\hibernate\validator\hibernate-validator\8.0.3.Final\hibernate-validator-8.0.3.Final.jar;C:\Users\HP\.m2\repository\jakarta\validation\jakarta.validation-api\3.0.2\jakarta.validation-api-3.0.2.jar;C:\Users\HP\.m2\repository\org\springframework\boot\spring-boot-starter-web\3.5.7\spring-boot-starter-web-3.5.7.jar;C:\Users\HP\.m2\repository\org\springframework\boot\spring-boot-starter-json\3.5.7\spring-boot-starter-json-3.5.7.jar;C:\Users\HP\.m2\repository\com\fasterxml\jackson\core\jackson-databind\2.19.2\jackson-databind-2.19.2.jar;C:\Users\HP\.m2\repository\com\fasterxml\jackson\core\jackson-annotations\2.19.2\jackson-annotations-2.19.2.jar;C:\Users\HP\.m2\repository\com\fasterxml\jackson\core\jackson-core\2.19.2\jackson-core-2.19.2.jar;C:\Users\HP\.m2\repository\com\fasterxml\jackson\datatype\jackson-datatype-jdk8\2.19.2\jackson-datatype-jdk8-2.19.2.jar;C:\Users\HP\.m2\repository\com\fasterxml\jackson\datatype\jackson-datatype-jsr310\2.19.2\jackson-datatype-jsr310-2.19.2.jar;C:\Users\HP\.m2\repository\com\fasterxml\jackson\module\jackson-module-parameter-names\2.19.2\jackson-module-parameter-names-2.19.2.jar;C:\Users\HP\.m2\repository\org\springframework\boot\spring-boot-starter-tomcat\3.5.7\spring-boot-starter-tomcat-3.5.7.jar;C:\Users\HP\.m2\repository\org\apache\tomcat\embed\tomcat-embed-core\10.1.48\tomcat-embed-core-10.1.48.jar;C:\Users\HP\.m2\repository\org\apache\tomcat\embed\tomcat-embed-websocket\10.1.48\tomcat-embed-websocket-10.1.48.jar;C:\Users\HP\.m2\repository\org\springframework\spring-web\6.2.12\spring-web-6.2.12.jar;C:\Users\HP\.m2\repository\io\micrometer\micrometer-observation\1.15.5\micrometer-observation-1.15.5.jar;C:\Users\HP\.m2\repository\io\micrometer\micrometer-commons\1.15.5\micrometer-commons-1.15.5.jar;C:\Users\HP\.m2\repository\org\springframework\spring-webmvc\6.2.12\spring-webmvc-6.2.12.jar;C:\Users\HP\.m2\repository\org\springframework\boot\spring-boot-devtools\3.5.7\spring-boot-devtools-3.5.7.jar;C:\Users\HP\.m2\repository\org\springframework\boot\spring-boot\3.5.7\spring-boot-3.5.7.jar;C:\Users\HP\.m2\repository\org\springframework\boot\spring-boot-autoconfigure\3.5.7\spring-boot-autoconfigure-3.5.7.jar;C:\Users\HP\.m2\repository\com\h2database\h2\2.3.232\h2-2.3.232.jar;C:\Users\HP\.m2\repository\com\mysql\mysql-connector-j\9.4.0\mysql-connector-j-9.4.0.jar;C:\Users\HP\.m2\repository\org\springframework\boot\spring-boot-configuration-processor\3.5.7\spring-boot-configuration-processor-3.5.7.jar;C:\Users\HP\.m2\repository\org\projectlombok\lombok\1.18.42\lombok-1.18.42.jar;C:\Users\HP\.m2\repository\jakarta\xml\bind\jakarta.xml.bind-api\4.0.4\jakarta.xml.bind-api-4.0.4.jar;C:\Users\HP\.m2\repository\jakarta\activation\jakarta.activation-api\2.1.4\jakarta.activation-api-2.1.4.jar;C:\Users\HP\.m2\repository\org\springframework\spring-core\6.2.12\spring-core-6.2.12.jar;C:\Users\HP\.m2\repository\org\springframework\spring-jcl\6.2.12\spring-jcl-6.2.12.jar;C:\Users\HP\.m2\repository\org\springframework\security\spring-security-core\6.5.6\spring-security-core-6.5.6.jar;C:\Users\HP\.m2\repository\org\springframework\security\spring-security-crypto\6.5.6\spring-security-crypto-6.5.6.jar;C:\Users\HP\.m2\repository\org\jetbrains\annotations\26.0.2-1\annotations-26.0.2-1.jar;C:\Users\HP\.m2\repository\org\jsoup\jsoup\1.17.2\jsoup-1.17.2.jar;C:\Program Files\JetBrains\IntelliJ IDEA 2025.2.1\lib\idea_rt.jar
Launcher Type: SUN_STANDARD

[Global flags]
     intx CICompilerCount                          = 4                                         {product} {ergonomic}
     uint ConcGCThreads                            = 2                                         {product} {ergonomic}
     uint G1ConcRefinementThreads                  = 8                                         {product} {ergonomic}
   size_t G1HeapRegionSize                         = 1048576                                   {product} {ergonomic}
   size_t InitialHeapSize                          = 130023424                                 {product} {ergonomic}
     bool ManagementServer                         = true                                      {product} {command line}
   size_t MarkStackSize                            = 4194304                                   {product} {ergonomic}
   size_t MarkStackSizeMax                         = 536870912                                 {product} {ergonomic}
   size_t MaxHeapSize                              = 2061500416                                {product} {ergonomic}
   size_t MaxNewSize                               = 1236271104                                {product} {ergonomic}
   size_t MinHeapDeltaBytes                        = 1048576                                   {product} {ergonomic}
   size_t MinHeapSize                              = 8388608                                   {product} {ergonomic}
    uintx NonNMethodCodeHeapSize                   = 4096                                   {pd product} {ergonomic}
    uintx NonProfiledCodeHeapSize                  = 0                                      {pd product} {ergonomic}
     bool ProfileInterpreter                       = false                                  {pd product} {command line}
    uintx ProfiledCodeHeapSize                     = 0                                      {pd product} {ergonomic}
   size_t SoftMaxHeapSize                          = 2061500416                             {manageable} {ergonomic}
     intx TieredStopAtLevel                        = 1                                         {product} {command line}
     bool UseCompressedOops                        = true                           {product lp64_product} {ergonomic}
     bool UseG1GC                                  = true                                      {product} {ergonomic}
     bool UseLargePagesIndividualAllocation        = false                                  {pd product} {ergonomic}

Logging:
Log output configuration:
 #0: stdout all=warning uptime,level,tags foldmultilines=false
 #1: stderr all=off uptime,level,tags foldmultilines=false

Release file:
IMPLEMENTOR="Oracle Corporation" 
JAVA_RUNTIME_VERSION="25.0.1+8-27" 
JAVA_VERSION="25.0.1" 
JAVA_VERSION_DATE="2025-10-21" 
LIBC="default" 
MODULES="java.base java.compiler java.datatransfer java.xml java.prefs java.desktop java.instrument java.logging java.management java.security.sasl java.naming java.rmi java.management.rmi java.net.http java.scripting java.security.jgss java.transaction.xa java.sql java.sql.rowset java.xml.crypto java.se java.smartcardio jdk.accessibility jdk.internal.jvmstat jdk.attach jdk.charsets jdk.internal.opt jdk.zipfs jdk.compiler jdk.crypto.cryptoki jdk.crypto.ec jdk.crypto.mscapi jdk.dynalink jdk.internal.ed jdk.editpad jdk.internal.vm.ci jdk.graal.compiler jdk.graal.compiler.management jdk.hotspot.agent jdk.httpserver jdk.incubator.vector jdk.internal.le jdk.internal.md jdk.jartool jdk.javadoc jdk.jcmd jdk.management jdk.management.agent jdk.jconsole jdk.jdeps jdk.jdwp.agent jdk.jdi jdk.jfr jdk.jlink jdk.jpackage jdk.jshell jdk.jsobject jdk.jstatd jdk.localedata jdk.management.jfr jdk.naming.dns jdk.naming.rmi jdk.net jdk.nio.mapmode jdk.sctp jdk.security.auth jdk.security.jgss jdk.unsupported jdk.unsupported.desktop jdk.xml.dom" 
OS_ARCH="x86_64" 
OS_NAME="Windows" 
SOURCE=".:git:78770bfaefd2" 

Environment Variables:
PATH=C:\Python314\Scripts\;C:\Python314\;C:\Program Files\Common Files\Oracle\Java\javapath;C:\WINDOWS\system32;C:\WINDOWS;C:\WINDOWS\System32\Wbem;C:\WINDOWS\System32\WindowsPowerShell\v1.0\;C:\WINDOWS\System32\OpenSSH\;C:\Program Files\Git\cmd;C:\Program Files\Microsoft VS Code\bin;C:\Program Files\nodejs\;C:\Program Files\MySQL\MySQL Server 8.0\bin;C:\WINDOWS\system32\config\systemprofile\AppData\Local\Muse Hub\lib;C:\Program Files\MySQL\MySQL Shell 8.0\bin\;C:\Users\HP\AppData\Local\Microsoft\WindowsApps;C:\Program Files\JetBrains\IntelliJ IDEA 2025.2.1\bin;C:\Users\HP\AppData\Roaming\npm;C:\Users\HP\AppData\Local\GitHubDesktop\bin;C:\Users\HP\AppData\Local\Programs\mongosh\;C:\Users\HP\AppData\Local\Programs\Antigravity\bin;C:\Users\HP\AppData\Local\Muse Hub\lib
USERNAME=HP
OS=Windows_NT
PROCESSOR_IDENTIFIER=Intel64 Family 6 Model 140 Stepping 1, GenuineIntel
TMP=C:\Users\HP\AppData\Local\Temp
TEMP=C:\Users\HP\AppData\Local\Temp




Compilation memory statistics disabled.

Periodic native trim disabled

---------------  S Y S T E M  ---------------

OS:
 Windows 11 , 64 bit Build 26100 (10.0.26100.7623)
OS uptime: 0 days 2:57 hours
Hyper-V role detected

CPU: total 8 (initial active 8) (4 cores per cpu, 2 threads per core) family 6 model 140 stepping 1 microcode 0x8a, cx8, cmov, fxsr, ht, mmx, 3dnowpref, sse, sse2, sse3, ssse3, sse4.1, sse4.2, popcnt, lzcnt, tsc, tscinvbit, avx, avx2, aes, erms, clmul, bmi1, bmi2, adx, avx512f, avx512dq, avx512cd, avx512bw, avx512vl, sha, fma, vzeroupper, avx512_vpopcntdq, avx512_vpclmulqdq, avx512_vaes, avx512_vnni, clflush, clflushopt, clwb, avx512_vbmi2, avx512_vbmi, hv, rdtscp, rdpid, fsrm, gfni, avx512_bitalg, f16c, cet_ibt, cet_ss, avx512_ifma
Processor Information for the first 8 processors :
  Max Mhz: 2419, Current Mhz: 2419, Mhz Limit: 2419

Memory: 4k page, system-wide physical 7859M (944M free)
TotalPageFile size 14734M (AvailPageFile size 1237M)
current process WorkingSet (physical memory assigned to process): 249M, peak: 318M
current process commit charge ("private bytes"): 380M, peak: 380M

vm_info: OpenJDK 64-Bit Server VM (25.0.1+8-27) for windows-amd64 JRE (25.0.1+8-27), built on 2025-09-25T16:41:16Z with unknown MS VC++:1943

END.
